Component: ARM Compiler 5.06 update 6 (build 750) Tool: armlink [4d35ed]

==============================================================================

Section Cross References

    startup_stm32f373xc.o(RESET) refers to startup_stm32f373xc.o(STACK) for __initial_sp
    startup_stm32f373xc.o(RESET) refers to startup_stm32f373xc.o(.text) for Reset_Handler
    startup_stm32f373xc.o(RESET) refers to stm32f3xx_it.o(i.NMI_Handler) for NMI_Handler
    startup_stm32f373xc.o(RESET) refers to stm32f3xx_it.o(i.HardFault_Handler) for HardFault_Handler
    startup_stm32f373xc.o(RESET) refers to stm32f3xx_it.o(i.MemManage_Handler) for MemManage_Handler
    startup_stm32f373xc.o(RESET) refers to stm32f3xx_it.o(i.BusFault_Handler) for BusFault_Handler
    startup_stm32f373xc.o(RESET) refers to stm32f3xx_it.o(i.UsageFault_Handler) for UsageFault_Handler
    startup_stm32f373xc.o(RESET) refers to stm32f3xx_it.o(i.SVC_Handler) for SVC_Handler
    startup_stm32f373xc.o(RESET) refers to stm32f3xx_it.o(i.DebugMon_Handler) for DebugMon_Handler
    startup_stm32f373xc.o(RESET) refers to stm32f3xx_it.o(i.PendSV_Handler) for PendSV_Handler
    startup_stm32f373xc.o(RESET) refers to stm32f3xx_it.o(i.SysTick_Handler) for SysTick_Handler
    startup_stm32f373xc.o(RESET) refers to stm32f3xx_it.o(i.DMA1_Channel2_IRQHandler) for DMA1_Channel2_IRQHandler
    startup_stm32f373xc.o(RESET) refers to stm32f3xx_it.o(i.DMA1_Channel3_IRQHandler) for DMA1_Channel3_IRQHandler
    startup_stm32f373xc.o(RESET) refers to stm32f3xx_it.o(i.DMA1_Channel4_IRQHandler) for DMA1_Channel4_IRQHandler
    startup_stm32f373xc.o(RESET) refers to stm32f3xx_it.o(i.DMA1_Channel5_IRQHandler) for DMA1_Channel5_IRQHandler
    startup_stm32f373xc.o(RESET) refers to stm32f3xx_it.o(i.TIM18_DAC2_IRQHandler) for TIM18_DAC2_IRQHandler
    startup_stm32f373xc.o(RESET) refers to stm32f3xx_it.o(i.SPI2_IRQHandler) for SPI2_IRQHandler
    startup_stm32f373xc.o(RESET) refers to stm32f3xx_it.o(i.USART1_IRQHandler) for USART1_IRQHandler
    startup_stm32f373xc.o(RESET) refers to stm32f3xx_it.o(i.USART3_IRQHandler) for USART3_IRQHandler
    startup_stm32f373xc.o(RESET) refers to stm32f3xx_it.o(i.TIM6_DAC1_IRQHandler) for TIM6_DAC1_IRQHandler
    startup_stm32f373xc.o(RESET) refers to stm32f3xx_it.o(i.DMA2_Channel3_IRQHandler) for DMA2_Channel3_IRQHandler
    startup_stm32f373xc.o(RESET) refers to stm32f3xx_it.o(i.DMA2_Channel5_IRQHandler) for DMA2_Channel5_IRQHandler
    startup_stm32f373xc.o(RESET) refers to stm32f3xx_it.o(i.SDADC1_IRQHandler) for SDADC1_IRQHandler
    startup_stm32f373xc.o(RESET) refers to stm32f3xx_it.o(i.SDADC3_IRQHandler) for SDADC3_IRQHandler
    startup_stm32f373xc.o(.text) refers to system_stm32f3xx.o(i.SystemInit) for SystemInit
    startup_stm32f373xc.o(.text) refers to entry.o(.ARM.Collect$$$$00000000) for __main
    main.o(i.MX_NVIC_Init) refers to stm32f3xx_hal_cortex.o(i.HAL_NVIC_SetPriority) for HAL_NVIC_SetPriority
    main.o(i.MX_NVIC_Init) refers to stm32f3xx_hal_cortex.o(i.HAL_NVIC_EnableIRQ) for HAL_NVIC_EnableIRQ
    main.o(i.SystemClock_Config) refers to stm32f3xx_hal_rcc.o(i.HAL_RCC_OscConfig) for HAL_RCC_OscConfig
    main.o(i.SystemClock_Config) refers to main.o(i._Error_Handler) for _Error_Handler
    main.o(i.SystemClock_Config) refers to stm32f3xx_hal_rcc.o(i.HAL_RCC_ClockConfig) for HAL_RCC_ClockConfig
    main.o(i.SystemClock_Config) refers to stm32f3xx_hal_rcc_ex.o(i.HAL_RCCEx_PeriphCLKConfig) for HAL_RCCEx_PeriphCLKConfig
    main.o(i.SystemClock_Config) refers to stm32f3xx_hal_pwr_ex.o(i.HAL_PWREx_EnableSDADC) for HAL_PWREx_EnableSDADC
    main.o(i.SystemClock_Config) refers to stm32f3xx_hal_rcc.o(i.HAL_RCC_GetHCLKFreq) for HAL_RCC_GetHCLKFreq
    main.o(i.SystemClock_Config) refers to stm32f3xx_hal_cortex.o(i.HAL_SYSTICK_Config) for HAL_SYSTICK_Config
    main.o(i.SystemClock_Config) refers to stm32f3xx_hal_cortex.o(i.HAL_SYSTICK_CLKSourceConfig) for HAL_SYSTICK_CLKSourceConfig
    main.o(i.SystemClock_Config) refers to stm32f3xx_hal_cortex.o(i.HAL_NVIC_SetPriority) for HAL_NVIC_SetPriority
    main.o(i.main) refers to stm32f3xx_hal.o(i.HAL_Init) for HAL_Init
    main.o(i.main) refers to main.o(i.SystemClock_Config) for SystemClock_Config
    main.o(i.main) refers to gpio.o(i.MX_GPIO_Init) for MX_GPIO_Init
    main.o(i.main) refers to dma.o(i.MX_DMA_Init) for MX_DMA_Init
    main.o(i.main) refers to dac.o(i.MX_DAC1_Init) for MX_DAC1_Init
    main.o(i.main) refers to dac.o(i.MX_DAC2_Init) for MX_DAC2_Init
    main.o(i.main) refers to spi.o(i.MX_SPI2_Init) for MX_SPI2_Init
    main.o(i.main) refers to sdadc.o(i.MX_SDADC1_Init) for MX_SDADC1_Init
    main.o(i.main) refers to usart.o(i.MX_USART1_UART_Init) for MX_USART1_UART_Init
    main.o(i.main) refers to usart.o(i.MX_USART3_UART_Init) for MX_USART3_UART_Init
    main.o(i.main) refers to sdadc.o(i.MX_SDADC3_Init) for MX_SDADC3_Init
    main.o(i.main) refers to main.o(i.MX_NVIC_Init) for MX_NVIC_Init
[...]
    Removing stm32f3xx_hal_sdadc.o(i.HAL_SDADC_GetValue), (8 bytes).
    Removing stm32f3xx_hal_sdadc.o(i.HAL_SDADC_InjectedConvHalfCpltCallback), (2 bytes).
    Removing stm32f3xx_hal_sdadc.o(i.HAL_SDADC_InjectedGetValue), (18 bytes).
    Removing stm32f3xx_hal_sdadc.o(i.HAL_SDADC_InjectedMultiModeConfigChannel), (56 bytes).
    Removing stm32f3xx_hal_sdadc.o(i.HAL_SDADC_InjectedMultiModeGetValue), (22 bytes).
    Removing stm32f3xx_hal_sdadc.o(i.HAL_SDADC_InjectedMultiModeStart_DMA), (232 bytes).
    Removing stm32f3xx_hal_sdadc.o(i.HAL_SDADC_InjectedMultiModeStop_DMA), (84 bytes).
    Removing stm32f3xx_hal_sdadc.o(i.HAL_SDADC_InjectedStart), (38 bytes).
    Removing stm32f3xx_hal_sdadc.o(i.HAL_SDADC_InjectedStart_DMA), (188 bytes).
    Removing stm32f3xx_hal_sdadc.o(i.HAL_SDADC_InjectedStart_IT), (50 bytes).
    Removing stm32f3xx_hal_sdadc.o(i.HAL_SDADC_InjectedStop), (38 bytes).
    Removing stm32f3xx_hal_sdadc.o(i.HAL_SDADC_InjectedStop_DMA), (68 bytes).
    Removing stm32f3xx_hal_sdadc.o(i.HAL_SDADC_InjectedStop_IT), (50 bytes).
    Removing stm32f3xx_hal_sdadc.o(i.HAL_SDADC_MspDeInit), (2 bytes).
    Removing stm32f3xx_hal_sdadc.o(i.HAL_SDADC_MspInit), (2 bytes).
    Removing stm32f3xx_hal_sdadc.o(i.HAL_SDADC_MultiModeConfigChannel), (56 bytes).
    Removing stm32f3xx_hal_sdadc.o(i.HAL_SDADC_MultiModeGetValue), (22 bytes).
    Removing stm32f3xx_hal_sdadc.o(i.HAL_SDADC_MultiModeStart_DMA), (228 bytes).
    Removing stm32f3xx_hal_sdadc.o(i.HAL_SDADC_MultiModeStop_DMA), (84 bytes).
    Removing stm32f3xx_hal_sdadc.o(i.HAL_SDADC_PollForCalibEvent), (80 bytes).
    Removing stm32f3xx_hal_sdadc.o(i.HAL_SDADC_PollForConversion), (130 bytes).
    Removing stm32f3xx_hal_sdadc.o(i.HAL_SDADC_PollForInjectedConversion), (152 bytes).
    Removing stm32f3xx_hal_sdadc.o(i.HAL_SDADC_SelectInjectedExtTrigger), (78 bytes).
    Removing stm32f3xx_hal_sdadc.o(i.HAL_SDADC_SelectRegularTrigger), (60 bytes).
    Removing stm32f3xx_hal_sdadc.o(i.HAL_SDADC_Start), (38 bytes).
    Removing stm32f3xx_hal_sdadc.o(i.HAL_SDADC_Start_DMA), (184 bytes).
    Removing stm32f3xx_hal_sdadc.o(i.HAL_SDADC_Start_IT), (50 bytes).
    Removing stm32f3xx_hal_sdadc.o(i.HAL_SDADC_Stop), (38 bytes).
    Removing stm32f3xx_hal_sdadc.o(i.HAL_SDADC_Stop_DMA), (68 bytes).
    Removing stm32f3xx_hal_sdadc.o(i.HAL_SDADC_Stop_IT), (50 bytes).
    Removing stm32f3xx_hal_sdadc.o(i.SDADC_DMAError), (18 bytes).
    Removing stm32f3xx_hal_sdadc.o(i.SDADC_DMAInjectedConvCplt), (14 bytes).
    Removing stm32f3xx_hal_sdadc.o(i.SDADC_DMAInjectedHalfConvCplt), (14 bytes).
    Removing stm32f3xx_hal_sdadc.o(i.SDADC_DMARegularConvCplt), (14 bytes).
    Removing stm32f3xx_hal_sdadc.o(i.SDADC_DMARegularHalfConvCplt), (14 bytes).
    Removing stm32f3xx_hal_sdadc.o(i.SDADC_InjConvStart), (108 bytes).
    Removing stm32f3xx_hal_sdadc.o(i.SDADC_InjConvStop), (190 bytes).
    Removing stm32f3xx_hal_sdadc.o(i.SDADC_RegConvStart), (84 bytes).
    Removing stm32f3xx_hal_sdadc.o(i.SDADC_RegConvStop), (172 bytes).
    Removing stm32f3xx_hal_spi.o(.rev16_text), (4 bytes).
    Removing stm32f3xx_hal_spi.o(.revsh_text), (4 bytes).
    Removing stm32f3xx_hal_spi.o(.rrx_text), (6 bytes).
    Removing stm32f3xx_hal_spi.o(i.HAL_SPI_Abort), (448 bytes).
    Removing stm32f3xx_hal_spi.o(i.HAL_SPI_AbortCpltCallback), (2 bytes).
    Removing stm32f3xx_hal_spi.o(i.HAL_SPI_Abort_IT), (456 bytes).
    Removing stm32f3xx_hal_spi.o(i.HAL_SPI_DMAPause), (50 bytes).
    Removing stm32f3xx_hal_spi.o(i.HAL_SPI_DMAResume), (50 bytes).
    Removing stm32f3xx_hal_spi.o(i.HAL_SPI_DMAStop), (46 bytes).
    Removing stm32f3xx_hal_spi.o(i.HAL_SPI_DeInit), (54 bytes).
    Removing stm32f3xx_hal_spi.o(i.HAL_SPI_GetError), (6 bytes).
    Removing stm32f3xx_hal_spi.o(i.HAL_SPI_GetState), (8 bytes).
    Removing stm32f3xx_hal_spi.o(i.HAL_SPI_MspDeInit), (2 bytes).
    Removing stm32f3xx_hal_spi.o(i.HAL_SPI_MspInit), (2 bytes).
    Removing stm32f3xx_hal_spi.o(i.HAL_SPI_Receive), (398 bytes).
    Removing stm32f3xx_hal_spi.o(i.HAL_SPI_Receive_DMA), (408 bytes).
    Removing stm32f3xx_hal_spi.o(i.HAL_SPI_Receive_IT), (236 bytes).
    Removing stm32f3xx_hal_spi.o(i.HAL_SPI_RxCpltCallback), (2 bytes).
    Removing stm32f3xx_hal_spi.o(i.HAL_SPI_RxHalfCpltCallback), (2 bytes).
    Removing stm32f3xx_hal_spi.o(i.HAL_SPI_Transmit), (440 bytes).
    Removing stm32f3xx_hal_spi.o(i.HAL_SPI_TransmitReceive), (648 bytes).
    Removing stm32f3xx_hal_spi.o(i.HAL_SPI_TransmitReceive_DMA), (544 bytes).
    Removing stm32f3xx_hal_spi.o(i.HAL_SPI_TransmitReceive_IT), (256 bytes).
    Removing stm32f3xx_hal_spi.o(i.HAL_SPI_Transmit_DMA), (304 bytes).
    Removing stm32f3xx_hal_spi.o(i.HAL_SPI_Transmit_IT), (176 bytes).
    Removing stm32f3xx_hal_spi.o(i.HAL_SPI_TxCpltCallback), (2 bytes).
    Removing stm32f3xx_hal_spi.o(i.HAL_SPI_TxHalfCpltCallback), (2 bytes).
    Removing stm32f3xx_hal_spi.o(i.HAL_SPI_TxRxCpltCallback), (2 bytes).
    Removing stm32f3xx_hal_spi.o(i.HAL_SPI_TxRxHalfCpltCallback), (2 bytes).
    Removing stm32f3xx_hal_spi.o(i.SPI_2linesRxISR_16BIT), (58 bytes).
    Removing stm32f3xx_hal_spi.o(i.SPI_2linesRxISR_8BIT), (110 bytes).
    Removing stm32f3xx_hal_spi.o(i.SPI_2linesTxISR_16BIT), (54 bytes).
    Removing stm32f3xx_hal_spi.o(i.SPI_2linesTxISR_8BIT), (80 bytes).
    Removing stm32f3xx_hal_spi.o(i.SPI_AbortRx_ISR), (152 bytes).
    Removing stm32f3xx_hal_spi.o(i.SPI_AbortTx_ISR), (148 bytes).
    Removing stm32f3xx_hal_spi.o(i.SPI_CloseRxTx_ISR), (98 bytes).
    Removing stm32f3xx_hal_spi.o(i.SPI_CloseRx_ISR), (68 bytes).
    Removing stm32f3xx_hal_spi.o(i.SPI_CloseTx_ISR), (96 bytes).
    Removing stm32f3xx_hal_spi.o(i.SPI_DMAError), (40 bytes).
    Removing stm32f3xx_hal_spi.o(i.SPI_DMAHalfReceiveCplt), (14 bytes).
    Removing stm32f3xx_hal_spi.o(i.SPI_DMAHalfTransmitCplt), (14 bytes).
    Removing stm32f3xx_hal_spi.o(i.SPI_DMAHalfTransmitReceiveCplt), (14 bytes).
    Removing stm32f3xx_hal_spi.o(i.SPI_DMAReceiveCplt), (100 bytes).
    Removing stm32f3xx_hal_spi.o(i.SPI_DMARxAbortCallback), (174 bytes).
    Removing stm32f3xx_hal_spi.o(i.SPI_DMATransmitCplt), (128 bytes).
    Removing stm32f3xx_hal_spi.o(i.SPI_DMATransmitReceiveCplt), (106 bytes).
    Removing stm32f3xx_hal_spi.o(i.SPI_DMATxAbortCallback), (170 bytes).
    Removing stm32f3xx_hal_spi.o(i.SPI_EndRxTransaction), (130 bytes).
    Removing stm32f3xx_hal_spi.o(i.SPI_EndRxTxTransaction), (100 bytes).
    Removing stm32f3xx_hal_spi.o(i.SPI_RxISR_16BIT), (42 bytes).
    Removing stm32f3xx_hal_spi.o(i.SPI_RxISR_8BIT), (40 bytes).
    Removing stm32f3xx_hal_spi.o(i.SPI_TxISR_16BIT), (36 bytes).
    Removing stm32f3xx_hal_spi.o(i.SPI_TxISR_8BIT), (34 bytes).
    Removing stm32f3xx_hal_spi.o(i.SPI_WaitFifoStateUntilTimeout), (176 bytes).
    Removing stm32f3xx_hal_spi.o(i.SPI_WaitFlagStateUntilTimeout), (168 bytes).
    Removing stm32f3xx_hal_spi_ex.o(.rev16_text), (4 bytes).
    Removing stm32f3xx_hal_spi_ex.o(.revsh_text), (4 bytes).
    Removing stm32f3xx_hal_spi_ex.o(.rrx_text), (6 bytes).
    Removing stm32f3xx_hal_spi_ex.o(i.HAL_SPIEx_FlushRxFifo), (44 bytes).
    Removing stm32f3xx_hal_tim.o(.rev16_text), (4 bytes).
    Removing stm32f3xx_hal_tim.o(.revsh_text), (4 bytes).
    Removing stm32f3xx_hal_tim.o(.rrx_text), (6 bytes).
    Removing stm32f3xx_hal_tim_ex.o(.rev16_text), (4 bytes).
    Removing stm32f3xx_hal_tim_ex.o(.revsh_text), (4 bytes).
    Removing stm32f3xx_hal_tim_ex.o(.rrx_text), (6 bytes).
    Removing stm32f3xx_hal_uart.o(.rev16_text), (4 bytes).
    Removing stm32f3xx_hal_uart.o(.revsh_text), (4 bytes).
    Removing stm32f3xx_hal_uart.o(.rrx_text), (6 bytes).
    Removing stm32f3xx_hal_uart.o(i.HAL_HalfDuplex_EnableReceiver), (74 bytes).
    Removing stm32f3xx_hal_uart.o(i.HAL_HalfDuplex_EnableTransmitter), (74 bytes).
    Removing stm32f3xx_hal_uart.o(i.HAL_HalfDuplex_Init), (124 bytes).
    Removing stm32f3xx_hal_uart.o(i.HAL_LIN_Init), (160 bytes).
    Removing stm32f3xx_hal_uart.o(i.HAL_LIN_SendBreak), (62 bytes).
    Removing stm32f3xx_hal_uart.o(i.HAL_MultiProcessor_DisableMuteMode), (58 bytes).
    Removing stm32f3xx_hal_uart.o(i.HAL_MultiProcessor_EnableMuteMode), (58 bytes).
    Removing stm32f3xx_hal_uart.o(i.HAL_MultiProcessor_EnterMuteMode), (14 bytes).
    Removing stm32f3xx_hal_uart.o(i.HAL_MultiProcessor_Init), (148 bytes).
    Removing stm32f3xx_hal_uart.o(i.HAL_UART_Abort), (138 bytes).
    Removing stm32f3xx_hal_uart.o(i.HAL_UART_AbortCpltCallback), (2 bytes).
    Removing stm32f3xx_hal_uart.o(i.HAL_UART_AbortReceive), (90 bytes).
    Removing stm32f3xx_hal_uart.o(i.HAL_UART_AbortReceiveCpltCallback), (2 bytes).
    Removing stm32f3xx_hal_uart.o(i.HAL_UART_AbortReceive_IT), (136 bytes).
    Removing stm32f3xx_hal_uart.o(i.HAL_UART_AbortTransmit), (72 bytes).
    Removing stm32f3xx_hal_uart.o(i.HAL_UART_AbortTransmitCpltCallback), (2 bytes).
    Removing stm32f3xx_hal_uart.o(i.HAL_UART_AbortTransmit_IT), (112 bytes).
    Removing stm32f3xx_hal_uart.o(i.HAL_UART_Abort_IT), (232 bytes).
    Removing stm32f3xx_hal_uart.o(i.HAL_UART_DMAPause), (126 bytes).
    Removing stm32f3xx_hal_uart.o(i.HAL_UART_DMAResume), (108 bytes).
    Removing stm32f3xx_hal_uart.o(i.HAL_UART_DMAStop), (104 bytes).
    Removing stm32f3xx_hal_uart.o(i.HAL_UART_DeInit), (72 bytes).
    Removing stm32f3xx_hal_uart.o(i.HAL_UART_GetError), (6 bytes).
    Removing stm32f3xx_hal_uart.o(i.HAL_UART_GetState), (20 bytes).
    Removing stm32f3xx_hal_uart.o(i.HAL_UART_MspDeInit), (2 bytes).
    Removing stm32f3xx_hal_uart.o(i.HAL_UART_MspInit), (2 bytes).
    Removing stm32f3xx_hal_uart.o(i.HAL_UART_Receive), (244 bytes).
    Removing stm32f3xx_hal_uart.o(i.HAL_UART_Receive_DMA), (168 bytes).
    Removing stm32f3xx_hal_uart.o(i.HAL_UART_Receive_IT), (160 bytes).
    Removing stm32f3xx_hal_uart.o(i.HAL_UART_RxHalfCpltCallback), (2 bytes).
    Removing stm32f3xx_hal_uart.o(i.HAL_UART_Transmit), (198 bytes).
    Removing stm32f3xx_hal_uart.o(i.HAL_UART_Transmit_DMA), (156 bytes).
    Removing stm32f3xx_hal_uart.o(i.HAL_UART_Transmit_IT), (90 bytes).
    Removing stm32f3xx_hal_uart.o(i.HAL_UART_TxHalfCpltCallback), (2 bytes).
    Removing stm32f3xx_hal_uart.o(i.UART_DMAError), (86 bytes).
    Removing stm32f3xx_hal_uart.o(i.UART_DMAReceiveCplt), (72 bytes).
    Removing stm32f3xx_hal_uart.o(i.UART_DMARxAbortCallback), (60 bytes).
    Removing stm32f3xx_hal_uart.o(i.UART_DMARxHalfCplt), (14 bytes).
    Removing stm32f3xx_hal_uart.o(i.UART_DMARxOnlyAbortCallback), (32 bytes).
    Removing stm32f3xx_hal_uart.o(i.UART_DMATransmitCplt), (56 bytes).
    Removing stm32f3xx_hal_uart.o(i.UART_DMATxAbortCallback), (60 bytes).
    Removing stm32f3xx_hal_uart.o(i.UART_DMATxHalfCplt), (14 bytes).
    Removing stm32f3xx_hal_uart.o(i.UART_DMATxOnlyAbortCallback), (26 bytes).
    Removing stm32f3xx_hal_uart.o(i.UART_EndTxTransfer), (20 bytes).
    Removing stm32f3xx_hal_uart.o(i.UART_Wakeup_AddressConfig), (38 bytes).
    Removing stm32f3xx_hal_uart_ex.o(.rev16_text), (4 bytes).
    Removing stm32f3xx_hal_uart_ex.o(.revsh_text), (4 bytes).
    Removing stm32f3xx_hal_uart_ex.o(.rrx_text), (6 bytes).
    Removing stm32f3xx_hal_uart_ex.o(i.HAL_MultiProcessorEx_AddressLength_Set), (64 bytes).
    Removing stm32f3xx_hal_uart_ex.o(i.HAL_RS485Ex_Init), (156 bytes).
    Removing stm32f3xx_hal_uart_ex.o(i.HAL_UARTEx_DisableStopMode), (62 bytes).
    Removing stm32f3xx_hal_uart_ex.o(i.HAL_UARTEx_EnableStopMode), (62 bytes).
    Removing stm32f3xx_hal_uart_ex.o(i.HAL_UARTEx_StopModeWakeUpSourceConfig), (146 bytes).
    Removing stm32f3xx_hal.o(.rev16_text), (4 bytes).
    Removing stm32f3xx_hal.o(.revsh_text), (4 bytes).
    Removing stm32f3xx_hal.o(.rrx_text), (6 bytes).
    Removing stm32f3xx_hal.o(i.HAL_DBGMCU_DisableDBGSleepMode), (20 bytes).
    Removing stm32f3xx_hal.o(i.HAL_DBGMCU_DisableDBGStandbyMode), (20 bytes).
    Removing stm32f3xx_hal.o(i.HAL_DBGMCU_DisableDBGStopMode), (20 bytes).
    Removing stm32f3xx_hal.o(i.HAL_DBGMCU_EnableDBGSleepMode), (20 bytes).
    Removing stm32f3xx_hal.o(i.HAL_DBGMCU_EnableDBGStandbyMode), (20 bytes).
    Removing stm32f3xx_hal.o(i.HAL_DBGMCU_EnableDBGStopMode), (20 bytes).
    Removing stm32f3xx_hal.o(i.HAL_DeInit), (44 bytes).
    Removing stm32f3xx_hal.o(i.HAL_GetDEVID), (16 bytes).
    Removing stm32f3xx_hal.o(i.HAL_GetHalVersion), (8 bytes).
    Removing stm32f3xx_hal.o(i.HAL_GetREVID), (12 bytes).
    Removing stm32f3xx_hal.o(i.HAL_GetTickFreq), (12 bytes).
    Removing stm32f3xx_hal.o(i.HAL_GetTickPrio), (12 bytes).
    Removing stm32f3xx_hal.o(i.HAL_GetUIDw0), (12 bytes).
    Removing stm32f3xx_hal.o(i.HAL_GetUIDw1), (12 bytes).
    Removing stm32f3xx_hal.o(i.HAL_GetUIDw2), (12 bytes).
    Removing stm32f3xx_hal.o(i.HAL_MspDeInit), (2 bytes).
    Removing stm32f3xx_hal.o(i.HAL_MspInit), (2 bytes).
    Removing stm32f3xx_hal.o(i.HAL_ResumeTick), (18 bytes).
    Removing stm32f3xx_hal.o(i.HAL_SetTickFreq), (40 bytes).
    Removing stm32f3xx_hal.o(i.HAL_SuspendTick), (18 bytes).
    Removing stm32f3xx_hal_rcc.o(.rev16_text), (4 bytes).
    Removing stm32f3xx_hal_rcc.o(.revsh_text), (4 bytes).
    Removing stm32f3xx_hal_rcc.o(.rrx_text), (6 bytes).
    Removing stm32f3xx_hal_rcc.o(i.HAL_RCC_CSSCallback), (2 bytes).
    Removing stm32f3xx_hal_rcc.o(i.HAL_RCC_DeInit), (84 bytes).
    Removing stm32f3xx_hal_rcc.o(i.HAL_RCC_DisableCSS), (28 bytes).
    Removing stm32f3xx_hal_rcc.o(i.HAL_RCC_EnableCSS), (24 bytes).
    Removing stm32f3xx_hal_rcc.o(i.HAL_RCC_GetClockConfig), (68 bytes).
    Removing stm32f3xx_hal_rcc.o(i.HAL_RCC_GetOscConfig), (212 bytes).
    Removing stm32f3xx_hal_rcc.o(i.HAL_RCC_MCOConfig), (92 bytes).
    Removing stm32f3xx_hal_rcc.o(i.HAL_RCC_NMI_IRQHandler), (32 bytes).
    Removing stm32f3xx_hal_rcc_ex.o(.rev16_text), (4 bytes).
    Removing stm32f3xx_hal_rcc_ex.o(.revsh_text), (4 bytes).
    Removing stm32f3xx_hal_rcc_ex.o(.rrx_text), (6 bytes).
    Removing stm32f3xx_hal_rcc_ex.o(i.HAL_RCCEx_GetPeriphCLKConfig), (156 bytes).
    Removing stm32f3xx_hal_rcc_ex.o(i.HAL_RCCEx_GetPeriphCLKFreq), (680 bytes).
    Removing stm32f3xx_hal_rcc_ex.o(i.RCC_GetPLLCLKFreq), (76 bytes).
    Removing stm32f3xx_hal_gpio.o(.rev16_text), (4 bytes).
    Removing stm32f3xx_hal_gpio.o(.revsh_text), (4 bytes).
    Removing stm32f3xx_hal_gpio.o(.rrx_text), (6 bytes).
    Removing stm32f3xx_hal_gpio.o(i.HAL_GPIO_DeInit), (284 bytes).
    Removing stm32f3xx_hal_gpio.o(i.HAL_GPIO_EXTI_Callback), (2 bytes).
    Removing stm32f3xx_hal_gpio.o(i.HAL_GPIO_EXTI_IRQHandler), (28 bytes).
    Removing stm32f3xx_hal_gpio.o(i.HAL_GPIO_LockPin), (46 bytes).
    Removing stm32f3xx_hal_gpio.o(i.HAL_GPIO_ReadPin), (16 bytes).
    Removing stm32f3xx_hal_gpio.o(i.HAL_GPIO_TogglePin), (8 bytes).
    Removing stm32f3xx_hal_dma.o(.rev16_text), (4 bytes).
    Removing stm32f3xx_hal_dma.o(.revsh_text), (4 bytes).
    Removing stm32f3xx_hal_dma.o(.rrx_text), (6 bytes).
    Removing stm32f3xx_hal_dma.o(i.DMA_SetConfig), (44 bytes).
    Removing stm32f3xx_hal_dma.o(i.HAL_DMA_Abort), (56 bytes).
    Removing stm32f3xx_hal_dma.o(i.HAL_DMA_DeInit), (78 bytes).
    Removing stm32f3xx_hal_dma.o(i.HAL_DMA_GetError), (6 bytes).
    Removing stm32f3xx_hal_dma.o(i.HAL_DMA_GetState), (8 bytes).
    Removing stm32f3xx_hal_dma.o(i.HAL_DMA_PollForTransfer), (244 bytes).
    Removing stm32f3xx_hal_dma.o(i.HAL_DMA_RegisterCallback), (90 bytes).
    Removing stm32f3xx_hal_dma.o(i.HAL_DMA_Start), (114 bytes).
    Removing stm32f3xx_hal_dma.o(i.HAL_DMA_Start_IT), (156 bytes).
    Removing stm32f3xx_hal_dma.o(i.HAL_DMA_UnRegisterCallback), (106 bytes).
    Removing stm32f3xx_hal_cortex.o(.rev16_text), (4 bytes).
    Removing stm32f3xx_hal_cortex.o(.revsh_text), (4 bytes).
    Removing stm32f3xx_hal_cortex.o(.rrx_text), (6 bytes).
    Removing stm32f3xx_hal_cortex.o(i.HAL_MPU_ConfigRegion), (92 bytes).
    Removing stm32f3xx_hal_cortex.o(i.HAL_MPU_Disable), (28 bytes).
    Removing stm32f3xx_hal_cortex.o(i.HAL_MPU_Enable), (32 bytes).
    Removing stm32f3xx_hal_cortex.o(i.HAL_NVIC_ClearPendingIRQ), (28 bytes).
    Removing stm32f3xx_hal_cortex.o(i.HAL_NVIC_DisableIRQ), (28 bytes).
    Removing stm32f3xx_hal_cortex.o(i.HAL_NVIC_GetActive), (40 bytes).
    Removing stm32f3xx_hal_cortex.o(i.HAL_NVIC_GetPendingIRQ), (40 bytes).
    Removing stm32f3xx_hal_cortex.o(i.HAL_NVIC_GetPriority), (148 bytes).
    Removing stm32f3xx_hal_cortex.o(i.HAL_NVIC_GetPriorityGrouping), (8 bytes).
    Removing stm32f3xx_hal_cortex.o(i.HAL_NVIC_SetPendingIRQ), (28 bytes).
    Removing stm32f3xx_hal_cortex.o(i.HAL_NVIC_SystemReset), (68 bytes).
    Removing stm32f3xx_hal_pwr.o(.rev16_text), (4 bytes).
    Removing stm32f3xx_hal_pwr.o(.revsh_text), (4 bytes).
    Removing stm32f3xx_hal_pwr.o(.rrx_text), (6 bytes).
    Removing stm32f3xx_hal_pwr.o(i.HAL_PWR_DeInit), (28 bytes).
    Removing stm32f3xx_hal_pwr.o(i.HAL_PWR_DisableBkUpAccess), (20 bytes).
    Removing stm32f3xx_hal_pwr.o(i.HAL_PWR_DisableSEVOnPend), (20 bytes).
    Removing stm32f3xx_hal_pwr.o(i.HAL_PWR_DisableSleepOnExit), (20 bytes).
    Removing stm32f3xx_hal_pwr.o(i.HAL_PWR_DisableWakeUpPin), (16 bytes).
    Removing stm32f3xx_hal_pwr.o(i.HAL_PWR_EnableBkUpAccess), (20 bytes).
    Removing stm32f3xx_hal_pwr.o(i.HAL_PWR_EnableSEVOnPend), (20 bytes).
    Removing stm32f3xx_hal_pwr.o(i.HAL_PWR_EnableSleepOnExit), (20 bytes).
    Removing stm32f3xx_hal_pwr.o(i.HAL_PWR_EnableWakeUpPin), (16 bytes).
    Removing stm32f3xx_hal_pwr.o(i.HAL_PWR_EnterSLEEPMode), (32 bytes).
    Removing stm32f3xx_hal_pwr.o(i.HAL_PWR_EnterSTANDBYMode), (40 bytes).
    Removing stm32f3xx_hal_pwr.o(i.HAL_PWR_EnterSTOPMode), (68 bytes).
    Removing stm32f3xx_hal_pwr_ex.o(.rev16_text), (4 bytes).
    Removing stm32f3xx_hal_pwr_ex.o(.revsh_text), (4 bytes).
    Removing stm32f3xx_hal_pwr_ex.o(.rrx_text), (6 bytes).
    Removing stm32f3xx_hal_pwr_ex.o(i.HAL_PWREx_DisableSDADC), (16 bytes).
    Removing stm32f3xx_hal_pwr_ex.o(i.HAL_PWR_ConfigPVD), (180 bytes).
    Removing stm32f3xx_hal_pwr_ex.o(i.HAL_PWR_DisablePVD), (20 bytes).
    Removing stm32f3xx_hal_pwr_ex.o(i.HAL_PWR_EnablePVD), (20 bytes).
    Removing stm32f3xx_hal_pwr_ex.o(i.HAL_PWR_PVDCallback), (2 bytes).
    Removing stm32f3xx_hal_pwr_ex.o(i.HAL_PWR_PVD_IRQHandler), (32 bytes).
    Removing stm32f3xx_hal_flash.o(.rev16_text), (4 bytes).
    Removing stm32f3xx_hal_flash.o(.revsh_text), (4 bytes).
    Removing stm32f3xx_hal_flash.o(.rrx_text), (6 bytes).
    Removing stm32f3xx_hal_flash.o(i.FLASH_Program_HalfWord), (32 bytes).
    Removing stm32f3xx_hal_flash.o(i.FLASH_SetErrorCode), (72 bytes).
    Removing stm32f3xx_hal_flash.o(i.FLASH_WaitForLastOperation), (100 bytes).
    Removing stm32f3xx_hal_flash.o(i.HAL_FLASH_EndOfOperationCallback), (2 bytes).
    Removing stm32f3xx_hal_flash.o(i.HAL_FLASH_GetError), (12 bytes).
    Removing stm32f3xx_hal_flash.o(i.HAL_FLASH_IRQHandler), (384 bytes).
    Removing stm32f3xx_hal_flash.o(i.HAL_FLASH_Lock), (20 bytes).
    Removing stm32f3xx_hal_flash.o(i.HAL_FLASH_OB_Launch), (28 bytes).
    Removing stm32f3xx_hal_flash.o(i.HAL_FLASH_OB_Lock), (20 bytes).
    Removing stm32f3xx_hal_flash.o(i.HAL_FLASH_OB_Unlock), (44 bytes).
    Removing stm32f3xx_hal_flash.o(i.HAL_FLASH_OperationErrorCallback), (2 bytes).
    Removing stm32f3xx_hal_flash.o(i.HAL_FLASH_Program), (176 bytes).
    Removing stm32f3xx_hal_flash.o(i.HAL_FLASH_Program_IT), (124 bytes).
    Removing stm32f3xx_hal_flash.o(i.HAL_FLASH_Unlock), (48 bytes).
    Removing stm32f3xx_hal_flash.o(.bss), (32 bytes).
    Removing stm32f3xx_hal_flash_ex.o(.rev16_text), (4 bytes).
    Removing stm32f3xx_hal_flash_ex.o(.revsh_text), (4 bytes).
    Removing stm32f3xx_hal_flash_ex.o(.rrx_text), (6 bytes).
    Removing stm32f3xx_hal_flash_ex.o(i.FLASH_MassErase), (40 bytes).
    Removing stm32f3xx_hal_flash_ex.o(i.FLASH_OB_DisableWRP), (232 bytes).
    Removing stm32f3xx_hal_flash_ex.o(i.FLASH_OB_EnableWRP), (236 bytes).
    Removing stm32f3xx_hal_flash_ex.o(i.FLASH_OB_GetRDP), (36 bytes).
    Removing stm32f3xx_hal_flash_ex.o(i.FLASH_OB_GetUser), (32 bytes).
    Removing stm32f3xx_hal_flash_ex.o(i.FLASH_OB_GetWRP), (12 bytes).
    Removing stm32f3xx_hal_flash_ex.o(i.FLASH_OB_ProgramData), (76 bytes).
    Removing stm32f3xx_hal_flash_ex.o(i.FLASH_OB_RDP_LevelConfig), (124 bytes).
    Removing stm32f3xx_hal_flash_ex.o(i.FLASH_OB_UserConfig), (84 bytes).
    Removing stm32f3xx_hal_flash_ex.o(i.FLASH_PageErase), (40 bytes).
    Removing stm32f3xx_hal_flash_ex.o(i.HAL_FLASHEx_Erase), (176 bytes).
    Removing stm32f3xx_hal_flash_ex.o(i.HAL_FLASHEx_Erase_IT), (100 bytes).
    Removing stm32f3xx_hal_flash_ex.o(i.HAL_FLASHEx_OBErase), (96 bytes).
    Removing stm32f3xx_hal_flash_ex.o(i.HAL_FLASHEx_OBGetConfig), (28 bytes).
    Removing stm32f3xx_hal_flash_ex.o(i.HAL_FLASHEx_OBGetUserData), (72 bytes).
    Removing stm32f3xx_hal_flash_ex.o(i.HAL_FLASHEx_OBProgram), (200 bytes).
    Removing stm32f3xx_hal_i2c.o(.rev16_text), (4 bytes).
    Removing stm32f3xx_hal_i2c.o(.revsh_text), (4 bytes).
    Removing stm32f3xx_hal_i2c.o(.rrx_text), (6 bytes).
    Removing stm32f3xx_hal_i2c.o(i.HAL_I2C_AbortCpltCallback), (2 bytes).
    Removing stm32f3xx_hal_i2c.o(i.HAL_I2C_AddrCallback), (2 bytes).
    Removing stm32f3xx_hal_i2c.o(i.HAL_I2C_DeInit), (60 bytes).
    Removing stm32f3xx_hal_i2c.o(i.HAL_I2C_DisableListen_IT), (54 bytes).
    Removing stm32f3xx_hal_i2c.o(i.HAL_I2C_ER_IRQHandler), (114 bytes).
    Removing stm32f3xx_hal_i2c.o(i.HAL_I2C_EV_IRQHandler), (28 bytes).
    Removing stm32f3xx_hal_i2c.o(i.HAL_I2C_EnableListen_IT), (44 bytes).
    Removing stm32f3xx_hal_i2c.o(i.HAL_I2C_ErrorCallback), (2 bytes).
    Removing stm32f3xx_hal_i2c.o(i.HAL_I2C_GetError), (6 bytes).
    Removing stm32f3xx_hal_i2c.o(i.HAL_I2C_GetMode), (8 bytes).
    Removing stm32f3xx_hal_i2c.o(i.HAL_I2C_GetState), (8 bytes).
    Removing stm32f3xx_hal_i2c.o(i.HAL_I2C_Init), (196 bytes).
    Removing stm32f3xx_hal_i2c.o(i.HAL_I2C_IsDeviceReady), (344 bytes).
    Removing stm32f3xx_hal_i2c.o(i.HAL_I2C_ListenCpltCallback), (2 bytes).
    Removing stm32f3xx_hal_i2c.o(i.HAL_I2C_MasterRxCpltCallback), (2 bytes).
    Removing stm32f3xx_hal_i2c.o(i.HAL_I2C_MasterTxCpltCallback), (2 bytes).
    Removing stm32f3xx_hal_i2c.o(i.HAL_I2C_Master_Abort_IT), (104 bytes).
    Removing stm32f3xx_hal_i2c.o(i.HAL_I2C_Master_Receive), (380 bytes).
    Removing stm32f3xx_hal_i2c.o(i.HAL_I2C_Master_Receive_DMA), (292 bytes).
    Removing stm32f3xx_hal_i2c.o(i.HAL_I2C_Master_Receive_IT), (172 bytes).
    Removing stm32f3xx_hal_i2c.o(i.HAL_I2C_Master_Sequential_Receive_IT), (172 bytes).
    Removing stm32f3xx_hal_i2c.o(i.HAL_I2C_Master_Sequential_Transmit_IT), (172 bytes).
    Removing stm32f3xx_hal_i2c.o(i.HAL_I2C_Master_Transmit), (372 bytes).
    Removing stm32f3xx_hal_i2c.o(i.HAL_I2C_Master_Transmit_DMA), (292 bytes).
    Removing stm32f3xx_hal_i2c.o(i.HAL_I2C_Master_Transmit_IT), (172 bytes).
    Removing stm32f3xx_hal_i2c.o(i.HAL_I2C_MemRxCpltCallback), (2 bytes).
    Removing stm32f3xx_hal_i2c.o(i.HAL_I2C_MemTxCpltCallback), (2 bytes).
    Removing stm32f3xx_hal_i2c.o(i.HAL_I2C_Mem_Read), (444 bytes).
    Removing stm32f3xx_hal_i2c.o(i.HAL_I2C_Mem_Read_DMA), (316 bytes).
    Removing stm32f3xx_hal_i2c.o(i.HAL_I2C_Mem_Read_IT), (244 bytes).
    Removing stm32f3xx_hal_i2c.o(i.HAL_I2C_Mem_Write), (440 bytes).
    Removing stm32f3xx_hal_i2c.o(i.HAL_I2C_Mem_Write_DMA), (312 bytes).
    Removing stm32f3xx_hal_i2c.o(i.HAL_I2C_Mem_Write_IT), (240 bytes).
    Removing stm32f3xx_hal_i2c.o(i.HAL_I2C_MspDeInit), (2 bytes).
    Removing stm32f3xx_hal_i2c.o(i.HAL_I2C_MspInit), (2 bytes).
    Removing stm32f3xx_hal_i2c.o(i.HAL_I2C_SlaveRxCpltCallback), (2 bytes).
    Removing stm32f3xx_hal_i2c.o(i.HAL_I2C_SlaveTxCpltCallback), (2 bytes).
    Removing stm32f3xx_hal_i2c.o(i.HAL_I2C_Slave_Receive), (378 bytes).
    Removing stm32f3xx_hal_i2c.o(i.HAL_I2C_Slave_Receive_DMA), (184 bytes).
    Removing stm32f3xx_hal_i2c.o(i.HAL_I2C_Slave_Receive_IT), (116 bytes).
    Removing stm32f3xx_hal_i2c.o(i.HAL_I2C_Slave_Sequential_Receive_IT), (168 bytes).
    Removing stm32f3xx_hal_i2c.o(i.HAL_I2C_Slave_Sequential_Transmit_IT), (168 bytes).
    Removing stm32f3xx_hal_i2c.o(i.HAL_I2C_Slave_Transmit), (392 bytes).
    Removing stm32f3xx_hal_i2c.o(i.HAL_I2C_Slave_Transmit_DMA), (184 bytes).
    Removing stm32f3xx_hal_i2c.o(i.HAL_I2C_Slave_Transmit_IT), (116 bytes).
    Removing stm32f3xx_hal_i2c.o(i.I2C_DMAAbort), (58 bytes).
    Removing stm32f3xx_hal_i2c.o(i.I2C_DMAError), (28 bytes).
    Removing stm32f3xx_hal_i2c.o(i.I2C_DMAMasterReceiveCplt), (82 bytes).
    Removing stm32f3xx_hal_i2c.o(i.I2C_DMAMasterTransmitCplt), (82 bytes).
    Removing stm32f3xx_hal_i2c.o(i.I2C_DMASlaveReceiveCplt), (2 bytes).
    Removing stm32f3xx_hal_i2c.o(i.I2C_DMASlaveTransmitCplt), (2 bytes).
    Removing stm32f3xx_hal_i2c.o(i.I2C_Disable_IRQ), (124 bytes).
    Removing stm32f3xx_hal_i2c.o(i.I2C_Enable_IRQ), (140 bytes).
    Removing stm32f3xx_hal_i2c.o(i.I2C_Flush_TXDR), (40 bytes).
    Removing stm32f3xx_hal_i2c.o(i.I2C_ITAddrCplt), (210 bytes).
    Removing stm32f3xx_hal_i2c.o(i.I2C_ITError), (280 bytes).
    Removing stm32f3xx_hal_i2c.o(i.I2C_ITListenCplt), (108 bytes).
    Removing stm32f3xx_hal_i2c.o(i.I2C_ITMasterCplt), (232 bytes).
    Removing stm32f3xx_hal_i2c.o(i.I2C_ITMasterSequentialCplt), (98 bytes).
    Removing stm32f3xx_hal_i2c.o(i.I2C_ITSlaveCplt), (304 bytes).
    Removing stm32f3xx_hal_i2c.o(i.I2C_ITSlaveSequentialCplt), (98 bytes).
    Removing stm32f3xx_hal_i2c.o(i.I2C_IsAcknowledgeFailed), (140 bytes).
    Removing stm32f3xx_hal_i2c.o(i.I2C_Master_ISR_DMA), (252 bytes).
    Removing stm32f3xx_hal_i2c.o(i.I2C_Master_ISR_IT), (398 bytes).
    Removing stm32f3xx_hal_i2c.o(i.I2C_RequestMemoryRead), (144 bytes).
    Removing stm32f3xx_hal_i2c.o(i.I2C_RequestMemoryWrite), (144 bytes).
    Removing stm32f3xx_hal_i2c.o(i.I2C_Slave_ISR_DMA), (144 bytes).
    Removing stm32f3xx_hal_i2c.o(i.I2C_Slave_ISR_IT), (320 bytes).
    Removing stm32f3xx_hal_i2c.o(i.I2C_TransferConfig), (52 bytes).
    Removing stm32f3xx_hal_i2c.o(i.I2C_WaitOnFlagUntilTimeout), (86 bytes).
    Removing stm32f3xx_hal_i2c.o(i.I2C_WaitOnRXNEFlagUntilTimeout), (160 bytes).
    Removing stm32f3xx_hal_i2c.o(i.I2C_WaitOnSTOPFlagUntilTimeout), (86 bytes).
    Removing stm32f3xx_hal_i2c.o(i.I2C_WaitOnTXISFlagUntilTimeout), (90 bytes).
    Removing stm32f3xx_hal_i2c_ex.o(.rev16_text), (4 bytes).
    Removing stm32f3xx_hal_i2c_ex.o(.revsh_text), (4 bytes).
    Removing stm32f3xx_hal_i2c_ex.o(.rrx_text), (6 bytes).
    Removing stm32f3xx_hal_i2c_ex.o(i.HAL_I2CEx_ConfigAnalogFilter), (106 bytes).
    Removing stm32f3xx_hal_i2c_ex.o(i.HAL_I2CEx_ConfigDigitalFilter), (106 bytes).
    Removing stm32f3xx_hal_i2c_ex.o(i.HAL_I2CEx_DisableFastModePlus), (52 bytes).
    Removing stm32f3xx_hal_i2c_ex.o(i.HAL_I2CEx_DisableWakeUp), (96 bytes).
    Removing stm32f3xx_hal_i2c_ex.o(i.HAL_I2CEx_EnableFastModePlus), (52 bytes).
    Removing stm32f3xx_hal_i2c_ex.o(i.HAL_I2CEx_EnableWakeUp), (96 bytes).
    Removing system_stm32f3xx.o(.rev16_text), (4 bytes).
    Removing system_stm32f3xx.o(.revsh_text), (4 bytes).
    Removing system_stm32f3xx.o(.rrx_text), (6 bytes).
    Removing system_stm32f3xx.o(i.SystemCoreClockUpdate), (160 bytes).

467 unused section(s) (total 34598 bytes) removed from the image.

==============================================================================

Image Symbol Table

    Local Symbols

    Symbol Name                              Value     Ov Type        Size  Object(Section)

    ../Core/Src/dac.c                        0x00000000   Number         0  dac.o ABSOLUTE
    ../Core/Src/dma.c                        0x00000000   Number         0  dma.o ABSOLUTE
    ../Core/Src/gpio.c                       0x00000000   Number         0  gpio.o ABSOLUTE
    ../Core/Src/main.c                       0x00000000   Number         0  main.o ABSOLUTE
    ../Core/Src/sdadc.c                      0x00000000   Number         0  sdadc.o ABSOLUTE
    ../Core/Src/spi.c                        0x00000000   Number         0  spi.o ABSOLUTE
    ../Core/Src/stm32f3xx_hal_msp.c          0x00000000   Number         0  stm32f3xx_hal_msp.o ABSOLUTE
    ../Core/Src/stm32f3xx_it.c               0x00000000   Number         0  stm32f3xx_it.o ABSOLUTE
    ../Core/Src/system_stm32f3xx.c           0x00000000   Number         0  system_stm32f3xx.o ABSOLUTE
    ../Core/Src/usart.c                      0x00000000   Number         0  usart.o ABSOLUTE
    ../Drivers/STM32F3xx_HAL_Driver/Src/stm32f3xx_hal.c 0x00000000   Number         0  stm32f3xx_hal.o ABSOLUTE
    ../Drivers/STM32F3xx_HAL_Driver/Src/stm32f3xx_hal_cortex.c 0x00000000   Number         0  stm32f3xx_hal_cortex.o ABSOLUTE
    ../Drivers/STM32F3xx_HAL_Driver/Src/stm32f3xx_hal_dac.c 0x00000000   Number         0  stm32f3xx_hal_dac.o ABSOLUTE
    ../Drivers/STM32F3xx_HAL_Driver/Src/stm32f3xx_hal_dac_ex.c 0x00000000   Number         0  stm32f3xx_hal_dac_ex.o ABSOLUTE
    ../Drivers/STM32F3xx_HAL_Driver/Src/stm32f3xx_hal_dma.c 0x00000000   Number         0  stm32f3xx_hal_dma.o ABSOLUTE
    ../Drivers/STM32F3xx_HAL_Driver/Src/stm32f3xx_hal_flash.c 0x00000000   Number         0  stm32f3xx_hal_flash.o ABSOLUTE
    ../Drivers/STM32F3xx_HAL_Driver/Src/stm32f3xx_hal_flash_ex.c 0x00000000   Number         0  stm32f3xx_hal_flash_ex.o ABSOLUTE
    ../Drivers/STM32F3xx_HAL_Driver/Src/stm32f3xx_hal_gpio.c 0x00000000   Number         0  stm32f3xx_hal_gpio.o ABSOLUTE
    ../Drivers/STM32F3xx_HAL_Driver/Src/stm32f3xx_hal_i2c.c 0x00000000   Number         0  stm32f3xx_hal_i2c.o ABSOLUTE
    ../Drivers/STM32F3xx_HAL_Driver/Src/stm32f3xx_hal_i2c_ex.c 0x00000000   Number         0  stm32f3xx_hal_i2c_ex.o ABSOLUTE
    ../Drivers/STM32F3xx_HAL_Driver/Src/stm32f3xx_hal_pwr.c 0x00000000   Number         0  stm32f3xx_hal_pwr.o ABSOLUTE
    ../Drivers/STM32F3xx_HAL_Driver/Src/stm32f3xx_hal_pwr_ex.c 0x00000000   Number         0  stm32f3xx_hal_pwr_ex.o ABSOLUTE
    ../Drivers/STM32F3xx_HAL_Driver/Src/stm32f3xx_hal_rcc.c 0x00000000   Number         0  stm32f3xx_hal_rcc.o ABSOLUTE
    ../Drivers/STM32F3xx_HAL_Driver/Src/stm32f3xx_hal_rcc_ex.c 0x00000000   Number         0  stm32f3xx_hal_rcc_ex.o ABSOLUTE
    ../Drivers/STM32F3xx_HAL_Driver/Src/stm32f3xx_hal_sdadc.c 0x00000000   Number         0  stm32f3xx_hal_sdadc.o ABSOLUTE
    ../Drivers/STM32F3xx_HAL_Driver/Src/stm32f3xx_hal_spi.c 0x00000000   Number         0  stm32f3xx_hal_spi.o ABSOLUTE
    ../Drivers/STM32F3xx_HAL_Driver/Src/stm32f3xx_hal_spi_ex.c 0x00000000   Number         0  stm32f3xx_hal_spi_ex.o ABSOLUTE
    ../Drivers/STM32F3xx_HAL_Driver/Src/stm32f3xx_hal_tim.c 0x00000000   Number         0  stm32f3xx_hal_tim.o ABSOLUTE
    ../Drivers/STM32F3xx_HAL_Driver/Src/stm32f3xx_hal_tim_ex.c 0x00000000   Number         0  stm32f3xx_hal_tim_ex.o ABSOLUTE
    ../Drivers/STM32F3xx_HAL_Driver/Src/stm32f3xx_hal_uart.c 0x00000000   Number         0  stm32f3xx_hal_uart.o ABSOLUTE
    ../Drivers/STM32F3xx_HAL_Driver/Src/stm32f3xx_hal_uart_ex.c 0x00000000   Number         0  stm32f3xx_hal_uart_ex.o ABSOLUTE
    ../clib/microlib/init/entry.s            0x00000000   Number         0  entry10a.o ABSOLUTE
    ../clib/microlib/init/entry.s            0x00000000   Number         0  entry9b.o ABSOLUTE
    ../clib/microlib/init/entry.s            0x00000000   Number         0  entry9a.o ABSOLUTE
    ../clib/microlib/init/entry.s            0x00000000   Number         0  entry5.o ABSOLUTE
    ../clib/microlib/init/entry.s            0x00000000   Number         0  entry2.o ABSOLUTE
    ../clib/microlib/init/entry.s            0x00000000   Number         0  entry7a.o ABSOLUTE
    ../clib/microlib/init/entry.s            0x00000000   Number         0  entry.o ABSOLUTE
    ../clib/microlib/init/entry.s            0x00000000   Number         0  entry7b.o ABSOLUTE
    ../clib/microlib/init/entry.s            0x00000000   Number         0  entry8a.o ABSOLUTE
    ../clib/microlib/init/entry.s            0x00000000   Number         0  entry8b.o ABSOLUTE
    ../clib/microlib/init/entry.s            0x00000000   Number         0  entry10b.o ABSOLUTE
    ../clib/microlib/init/entry.s            0x00000000   Number         0  entry11a.o ABSOLUTE
    ../clib/microlib/init/entry.s            0x00000000   Number         0  entry11b.o ABSOLUTE
    ../clib/microlib/longlong.c              0x00000000   Number         0  llushr.o ABSOLUTE
    ..\Core\Src\dac.c                        0x00000000   Number         0  dac.o ABSOLUTE
    ..\Core\Src\dma.c                        0x00000000   Number         0  dma.o ABSOLUTE
    ..\Core\Src\gpio.c                       0x00000000   Number         0  gpio.o ABSOLUTE
    ..\Core\Src\main.c                       0x00000000   Number         0  main.o ABSOLUTE
    ..\Core\Src\sdadc.c                      0x00000000   Number         0  sdadc.o ABSOLUTE
    ..\Core\Src\spi.c                        0x00000000   Number         0  spi.o ABSOLUTE
    ..\Core\Src\stm32f3xx_hal_msp.c          0x00000000   Number         0  stm32f3xx_hal_msp.o ABSOLUTE
    ..\Core\Src\stm32f3xx_it.c               0x00000000   Number         0  stm32f3xx_it.o ABSOLUTE
    ..\Core\Src\system_stm32f3xx.c           0x00000000   Number         0  system_stm32f3xx.o ABSOLUTE
    ..\Core\Src\usart.c                      0x00000000   Number         0  usart.o ABSOLUTE
    ..\Drivers\STM32F3xx_HAL_Driver\Src\stm32f3xx_hal.c 0x00000000   Number         0  stm32f3xx_hal.o ABSOLUTE
    ..\Drivers\STM32F3xx_HAL_Driver\Src\stm32f3xx_hal_cortex.c 0x00000000   Number         0  stm32f3xx_hal_cortex.o ABSOLUTE
    ..\Drivers\STM32F3xx_HAL_Driver\Src\stm32f3xx_hal_dac.c 0x00000000   Number         0  stm32f3xx_hal_dac.o ABSOLUTE
    ..\Drivers\STM32F3xx_HAL_Driver\Src\stm32f3xx_hal_dac_ex.c 0x00000000   Number         0  stm32f3xx_hal_dac_ex.o ABSOLUTE
    ..\Drivers\STM32F3xx_HAL_Driver\Src\stm32f3xx_hal_dma.c 0x00000000   Number         0  stm32f3xx_hal_dma.o ABSOLUTE
    ..\Drivers\STM32F3xx_HAL_Driver\Src\stm32f3xx_hal_flash.c 0x00000000   Number         0  stm32f3xx_hal_flash.o ABSOLUTE
    ..\Drivers\STM32F3xx_HAL_Driver\Src\stm32f3xx_hal_flash_ex.c 0x00000000   Number         0  stm32f3xx_hal_flash_ex.o ABSOLUTE
    ..\Drivers\STM32F3xx_HAL_Driver\Src\stm32f3xx_hal_gpio.c 0x00000000   Number         0  stm32f3xx_hal_gpio.o ABSOLUTE
    ..\Drivers\STM32F3xx_HAL_Driver\Src\stm32f3xx_hal_i2c.c 0x00000000   Number         0  stm32f3xx_hal_i2c.o ABSOLUTE
    ..\Drivers\STM32F3xx_HAL_Driver\Src\stm32f3xx_hal_i2c_ex.c 0x00000000   Number         0  stm32f3xx_hal_i2c_ex.o ABSOLUTE
    ..\Drivers\STM32F3xx_HAL_Driver\Src\stm32f3xx_hal_pwr.c 0x00000000   Number         0  stm32f3xx_hal_pwr.o ABSOLUTE
    ..\Drivers\STM32F3xx_HAL_Driver\Src\stm32f3xx_hal_pwr_ex.c 0x00000000   Number         0  stm32f3xx_hal_pwr_ex.o ABSOLUTE
    ..\Drivers\STM32F3xx_HAL_Driver\Src\stm32f3xx_hal_rcc.c 0x00000000   Number         0  stm32f3xx_hal_rcc.o ABSOLUTE
    ..\Drivers\STM32F3xx_HAL_Driver\Src\stm32f3xx_hal_rcc_ex.c 0x00000000   Number         0  stm32f3xx_hal_rcc_ex.o ABSOLUTE
    ..\Drivers\STM32F3xx_HAL_Driver\Src\stm32f3xx_hal_sdadc.c 0x00000000   Number         0  stm32f3xx_hal_sdadc.o ABSOLUTE
    ..\Drivers\STM32F3xx_HAL_Driver\Src\stm32f3xx_hal_spi.c 0x00000000   Number         0  stm32f3xx_hal_spi.o ABSOLUTE
    ..\Drivers\STM32F3xx_HAL_Driver\Src\stm32f3xx_hal_spi_ex.c 0x00000000   Number         0  stm32f3xx_hal_spi_ex.o ABSOLUTE
    ..\Drivers\STM32F3xx_HAL_Driver\Src\stm32f3xx_hal_tim.c 0x00000000   Number         0  stm32f3xx_hal_tim.o ABSOLUTE
    ..\Drivers\STM32F3xx_HAL_Driver\Src\stm32f3xx_hal_tim_ex.c 0x00000000   Number         0  stm32f3xx_hal_tim_ex.o ABSOLUTE
    ..\Drivers\STM32F3xx_HAL_Driver\Src\stm32f3xx_hal_uart.c 0x00000000   Number         0  stm32f3xx_hal_uart.o ABSOLUTE
    ..\Drivers\STM32F3xx_HAL_Driver\Src\stm32f3xx_hal_uart_ex.c 0x00000000   Number         0  stm32f3xx_hal_uart_ex.o ABSOLUTE
    dc.s                                     0x00000000   Number         0  dc.o ABSOLUTE
    handlers.s                               0x00000000   Number         0  handlers.o ABSOLUTE
    init.s                                   0x00000000   Number         0  init.o ABSOLUTE
    startup_stm32f373xc.s                    0x00000000   Number         0  startup_stm32f373xc.o ABSOLUTE
    RESET                                    0x08000000   Section      392  startup_stm32f373xc.o(RESET)
    .ARM.Collect$$$$00000000                 0x08000188   Section        0  entry.o(.ARM.Collect$$$$00000000)
    .ARM.Collect$$$$00000001                 0x08000188   Section        4  entry2.o(.ARM.Collect$$$$00000001)
    .ARM.Collect$$$$00000004                 0x0800018c   Section        4  entry5.o(.ARM.Collect$$$$00000004)
    .ARM.Collect$$$$00000008                 0x08000190   Section        0  entry7b.o(.ARM.Collect$$$$00000008)
    .ARM.Collect$$$$0000000A                 0x08000190   Section        0  entry8b.o(.ARM.Collect$$$$0000000A)
    .ARM.Collect$$$$0000000B                 0x08000190   Section        8  entry9a.o(.ARM.Collect$$$$0000000B)
    .ARM.Collect$$$$0000000D                 0x08000198   Section        0  entry10a.o(.ARM.Collect$$$$0000000D)
    .ARM.Collect$$$$0000000F                 0x08000198   Section        0  entry11a.o(.ARM.Collect$$$$0000000F)
    .ARM.Collect$$$$00002712                 0x08000198   Section        4  entry2.o(.ARM.Collect$$$$00002712)
    __lit__00000000                          0x08000198   Data           4  entry2.o(.ARM.Collect$$$$00002712)
    .text                                    0x0800019c   Section       36  startup_stm32f373xc.o(.text)
    $v0                                      0x0800019c   Number         0  startup_stm32f373xc.o(.text)
    .text                                    0x080001c0   Section       36  init.o(.text)
    i.BusFault_Handler                       0x080001e4   Section        0  stm32f3xx_it.o(i.BusFault_Handler)
    i.DMA1_Channel2_IRQHandler               0x080001e8   Section        0  stm32f3xx_it.o(i.DMA1_Channel2_IRQHandler)
    i.DMA1_Channel3_IRQHandler               0x080001f8   Section        0  stm32f3xx_it.o(i.DMA1_Channel3_IRQHandler)
    i.DMA1_Channel4_IRQHandler               0x08000208   Section        0  stm32f3xx_it.o(i.DMA1_Channel4_IRQHandler)
    i.DMA1_Channel5_IRQHandler               0x08000218   Section        0  stm32f3xx_it.o(i.DMA1_Channel5_IRQHandler)
    i.DMA2_Channel3_IRQHandler               0x08000228   Section        0  stm32f3xx_it.o(i.DMA2_Channel3_IRQHandler)
    i.DMA2_Channel5_IRQHandler               0x08000238   Section        0  stm32f3xx_it.o(i.DMA2_Channel5_IRQHandler)
    i.DMA_CalcBaseAndBitshift                0x08000248   Section        0  stm32f3xx_hal_dma.o(i.DMA_CalcBaseAndBitshift)
    DMA_CalcBaseAndBitshift                  0x08000249   Thumb Code    56  stm32f3xx_hal_dma.o(i.DMA_CalcBaseAndBitshift)
    i.DebugMon_Handler                       0x08000288   Section        0  stm32f3xx_it.o(i.DebugMon_Handler)
    i.HAL_DACEx_DMAUnderrunCallbackCh2       0x0800028a   Section        0  stm32f3xx_hal_dac_ex.o(i.HAL_DACEx_DMAUnderrunCallbackCh2)
    i.HAL_DAC_ConfigChannel                  0x0800028c   Section        0  stm32f3xx_hal_dac_ex.o(i.HAL_DAC_ConfigChannel)
    i.HAL_DAC_DMAUnderrunCallbackCh1         0x080002e6   Section        0  stm32f3xx_hal_dac.o(i.HAL_DAC_DMAUnderrunCallbackCh1)
    i.HAL_DAC_IRQHandler                     0x080002e8   Section        0  stm32f3xx_hal_dac_ex.o(i.HAL_DAC_IRQHandler)
    i.HAL_DAC_Init                           0x08000372   Section        0  stm32f3xx_hal_dac.o(i.HAL_DAC_Init)
    i.HAL_DAC_MspInit                        0x0800039c   Section        0  dac.o(i.HAL_DAC_MspInit)
    i.HAL_DMA_Abort_IT                       0x08000428   Section        0  stm32f3xx_hal_dma.o(i.HAL_DMA_Abort_IT)
    i.HAL_DMA_IRQHandler                     0x08000480   Section        0  stm32f3xx_hal_dma.o(i.HAL_DMA_IRQHandler)
    i.HAL_DMA_Init                           0x08000566   Section        0  stm32f3xx_hal_dma.o(i.HAL_DMA_Init)
    i.HAL_Delay                              0x080005c4   Section        0  stm32f3xx_hal.o(i.HAL_Delay)
    i.HAL_GPIO_Init                          0x080005ec   Section        0  stm32f3xx_hal_gpio.o(i.HAL_GPIO_Init)
    i.HAL_GPIO_WritePin                      0x080007b8   Section        0  stm32f3xx_hal_gpio.o(i.HAL_GPIO_WritePin)
    i.HAL_GetTick                            0x080007c4   Section        0  stm32f3xx_hal.o(i.HAL_GetTick)
    i.HAL_IncTick                            0x080007d0   Section        0  stm32f3xx_hal.o(i.HAL_IncTick)
    i.HAL_Init                               0x080007e8   Section        0  stm32f3xx_hal.o(i.HAL_Init)
    i.HAL_InitTick                           0x08000810   Section        0  stm32f3xx_hal.o(i.HAL_InitTick)
    i.HAL_MspInit                            0x0800085c   Section        0  stm32f3xx_hal_msp.o(i.HAL_MspInit)
    i.HAL_NVIC_EnableIRQ                     0x080008ec   Section        0  stm32f3xx_hal_cortex.o(i.HAL_NVIC_EnableIRQ)
    i.HAL_NVIC_SetPriority                   0x08000906   Section        0  stm32f3xx_hal_cortex.o(i.HAL_NVIC_SetPriority)
    i.HAL_NVIC_SetPriorityGrouping           0x08000984   Section        0  stm32f3xx_hal_cortex.o(i.HAL_NVIC_SetPriorityGrouping)
    i.HAL_PWREx_EnableSDADC                  0x080009ac   Section        0  stm32f3xx_hal_pwr_ex.o(i.HAL_PWREx_EnableSDADC)
    i.HAL_RCCEx_PeriphCLKConfig              0x080009e0   Section        0  stm32f3xx_hal_rcc_ex.o(i.HAL_RCCEx_PeriphCLKConfig)
    i.HAL_RCC_ClockConfig                    0x08000c5c   Section        0  stm32f3xx_hal_rcc.o(i.HAL_RCC_ClockConfig)
    i.HAL_RCC_GetHCLKFreq                    0x08000f48   Section        0  stm32f3xx_hal_rcc.o(i.HAL_RCC_GetHCLKFreq)
    i.HAL_RCC_GetPCLK1Freq                   0x08000f54   Section        0  stm32f3xx_hal_rcc.o(i.HAL_RCC_GetPCLK1Freq)
    i.HAL_RCC_GetPCLK2Freq                   0x08000f80   Section        0  stm32f3xx_hal_rcc.o(i.HAL_RCC_GetPCLK2Freq)
    i.HAL_RCC_GetSysClockFreq                0x08000fac   Section        0  stm32f3xx_hal_rcc.o(i.HAL_RCC_GetSysClockFreq)
    i.HAL_RCC_OscConfig                      0x08001038   Section        0  stm32f3xx_hal_rcc.o(i.HAL_RCC_OscConfig)
    i.HAL_SDADC_AssociateChannelConfig       0x08001a38   Section        0  stm32f3xx_hal_sdadc.o(i.HAL_SDADC_AssociateChannelConfig)
    i.HAL_SDADC_CalibrationCpltCallback      0x08001aa8   Section        0  stm32f3xx_hal_sdadc.o(i.HAL_SDADC_CalibrationCpltCallback)
    i.HAL_SDADC_ConvCpltCallback             0x08001aaa   Section        0  stm32f3xx_hal_sdadc.o(i.HAL_SDADC_ConvCpltCallback)
    i.HAL_SDADC_ErrorCallback                0x08001aac   Section        0  stm32f3xx_hal_sdadc.o(i.HAL_SDADC_ErrorCallback)
    i.HAL_SDADC_IRQHandler                   0x08001aae   Section        0  stm32f3xx_hal_sdadc.o(i.HAL_SDADC_IRQHandler)
    i.HAL_SDADC_Init                         0x08001bf8   Section        0  stm32f3xx_hal_sdadc.o(i.HAL_SDADC_Init)
    i.HAL_SDADC_InjectedConfigChannel        0x08001cb0   Section        0  stm32f3xx_hal_sdadc.o(i.HAL_SDADC_InjectedConfigChannel)
    i.HAL_SDADC_InjectedConvCpltCallback     0x08001d02   Section        0  stm32f3xx_hal_sdadc.o(i.HAL_SDADC_InjectedConvCpltCallback)
    i.HAL_SDADC_MspInit                      0x08001d04   Section        0  sdadc.o(i.HAL_SDADC_MspInit)
    i.HAL_SDADC_PrepareChannelConfig         0x08001e60   Section        0  stm32f3xx_hal_sdadc.o(i.HAL_SDADC_PrepareChannelConfig)
    i.HAL_SDADC_SelectInjectedDelay          0x08001eb2   Section        0  stm32f3xx_hal_sdadc.o(i.HAL_SDADC_SelectInjectedDelay)
    i.HAL_SDADC_SelectInjectedTrigger        0x08001ef8   Section        0  stm32f3xx_hal_sdadc.o(i.HAL_SDADC_SelectInjectedTrigger)
    i.HAL_SPI_ErrorCallback                  0x08001f34   Section        0  stm32f3xx_hal_spi.o(i.HAL_SPI_ErrorCallback)
    i.HAL_SPI_IRQHandler                     0x08001f38   Section        0  stm32f3xx_hal_spi.o(i.HAL_SPI_IRQHandler)
    i.HAL_SPI_Init                           0x08002074   Section        0  stm32f3xx_hal_spi.o(i.HAL_SPI_Init)
    i.HAL_SPI_MspInit                        0x08002140   Section        0  spi.o(i.HAL_SPI_MspInit)
    i.HAL_SYSTICK_CLKSourceConfig            0x08002224   Section        0  stm32f3xx_hal_cortex.o(i.HAL_SYSTICK_CLKSourceConfig)
    i.HAL_SYSTICK_Callback                   0x0800224c   Section        0  stm32f3xx_hal_cortex.o(i.HAL_SYSTICK_Callback)
    i.HAL_SYSTICK_Config                     0x0800224e   Section        0  stm32f3xx_hal_cortex.o(i.HAL_SYSTICK_Config)
    i.HAL_SYSTICK_IRQHandler                 0x08002282   Section        0  stm32f3xx_hal_cortex.o(i.HAL_SYSTICK_IRQHandler)
    i.HAL_UARTEx_WakeupCallback              0x0800228a   Section        0  stm32f3xx_hal_uart_ex.o(i.HAL_UARTEx_WakeupCallback)
    i.HAL_UART_ErrorCallback                 0x0800228c   Section        0  stm32f3xx_hal_uart.o(i.HAL_UART_ErrorCallback)
    i.HAL_UART_IRQHandler                    0x08002290   Section        0  stm32f3xx_hal_uart.o(i.HAL_UART_IRQHandler)
    i.HAL_UART_Init                          0x0800241c   Section        0  stm32f3xx_hal_uart.o(i.HAL_UART_Init)
    i.HAL_UART_MspInit                       0x08002494   Section        0  usart.o(i.HAL_UART_MspInit)
    i.HAL_UART_RxCpltCallback                0x080025c0   Section        0  stm32f3xx_hal_uart.o(i.HAL_UART_RxCpltCallback)
    i.HAL_UART_TxCpltCallback                0x080025c2   Section        0  stm32f3xx_hal_uart.o(i.HAL_UART_TxCpltCallback)
    i.HardFault_Handler                      0x080025c4   Section        0  stm32f3xx_it.o(i.HardFault_Handler)
    i.MX_DAC1_Init                           0x080025c8   Section        0  dac.o(i.MX_DAC1_Init)
    i.MX_DAC2_Init                           0x0800262c   Section        0  dac.o(i.MX_DAC2_Init)
    i.MX_DMA_Init                            0x0800267c   Section        0  dma.o(i.MX_DMA_Init)
    i.MX_GPIO_Init                           0x080026dc   Section        0  gpio.o(i.MX_GPIO_Init)
    i.MX_NVIC_Init                           0x08002830   Section        0  main.o(i.MX_NVIC_Init)
    MX_NVIC_Init                             0x08002831   Thumb Code   180  main.o(i.MX_NVIC_Init)
    i.MX_SDADC1_Init                         0x080028e4   Section        0  sdadc.o(i.MX_SDADC1_Init)
    i.MX_SDADC3_Init                         0x080029b8   Section        0  sdadc.o(i.MX_SDADC3_Init)
    i.MX_SPI2_Init                           0x08002a70   Section        0  spi.o(i.MX_SPI2_Init)
    i.MX_USART1_UART_Init                    0x08002ad0   Section        0  usart.o(i.MX_USART1_UART_Init)
    i.MX_USART3_UART_Init                    0x08002b28   Section        0  usart.o(i.MX_USART3_UART_Init)
    i.MemManage_Handler                      0x08002b80   Section        0  stm32f3xx_it.o(i.MemManage_Handler)
    i.NMI_Handler                            0x08002b84   Section        0  stm32f3xx_it.o(i.NMI_Handler)
    i.NVIC_GetPriorityGrouping               0x08002b88   Section        0  stm32f3xx_hal_cortex.o(i.NVIC_GetPriorityGrouping)
    NVIC_GetPriorityGrouping                 0x08002b89   Thumb Code    10  stm32f3xx_hal_cortex.o(i.NVIC_GetPriorityGrouping)
    i.NVIC_SetPriority                       0x08002b98   Section        0  stm32f3xx_hal_cortex.o(i.NVIC_SetPriority)
    NVIC_SetPriority                         0x08002b99   Thumb Code    32  stm32f3xx_hal_cortex.o(i.NVIC_SetPriority)
    i.PendSV_Handler                         0x08002bc0   Section        0  stm32f3xx_it.o(i.PendSV_Handler)
    i.SDADC1_IRQHandler                      0x08002bc4   Section        0  stm32f3xx_it.o(i.SDADC1_IRQHandler)
    i.SDADC3_IRQHandler                      0x08002bd4   Section        0  stm32f3xx_it.o(i.SDADC3_IRQHandler)
    i.SDADC_EnterInitMode                    0x08002be4   Section        0  stm32f3xx_hal_sdadc.o(i.SDADC_EnterInitMode)
    SDADC_EnterInitMode                      0x08002be5   Thumb Code    56  stm32f3xx_hal_sdadc.o(i.SDADC_EnterInitMode)
    i.SDADC_ExitInitMode                     0x08002c1c   Section        0  stm32f3xx_hal_sdadc.o(i.SDADC_ExitInitMode)
    SDADC_ExitInitMode                       0x08002c1d   Thumb Code    14  stm32f3xx_hal_sdadc.o(i.SDADC_ExitInitMode)
    i.SDADC_GetInjChannelsNbr                0x08002c2a   Section        0  stm32f3xx_hal_sdadc.o(i.SDADC_GetInjChannelsNbr)
    SDADC_GetInjChannelsNbr                  0x08002c2b   Thumb Code    30  stm32f3xx_hal_sdadc.o(i.SDADC_GetInjChannelsNbr)
    i.SPI2_IRQHandler                        0x08002c48   Section        0  stm32f3xx_it.o(i.SPI2_IRQHandler)
    i.SPI_DMAAbortOnError                    0x08002c58   Section        0  stm32f3xx_hal_spi.o(i.SPI_DMAAbortOnError)
    SPI_DMAAbortOnError                      0x08002c59   Thumb Code    22  stm32f3xx_hal_spi.o(i.SPI_DMAAbortOnError)
    i.SVC_Handler                            0x08002c6e   Section        0  stm32f3xx_it.o(i.SVC_Handler)
    i.SysTick_Handler                        0x08002c70   Section        0  stm32f3xx_it.o(i.SysTick_Handler)
    i.SystemClock_Config                     0x08002c7c   Section        0  main.o(i.SystemClock_Config)
    i.SystemInit                             0x08002d44   Section        0  system_stm32f3xx.o(i.SystemInit)
    i.TIM18_DAC2_IRQHandler                  0x08002dc0   Section        0  stm32f3xx_it.o(i.TIM18_DAC2_IRQHandler)
    i.TIM6_DAC1_IRQHandler                   0x08002dd0   Section        0  stm32f3xx_it.o(i.TIM6_DAC1_IRQHandler)
    i.UART_AdvFeatureConfig                  0x08002de0   Section        0  stm32f3xx_hal_uart.o(i.UART_AdvFeatureConfig)
    i.UART_CheckIdleState                    0x08002ed8   Section        0  stm32f3xx_hal_uart.o(i.UART_CheckIdleState)
    i.UART_DMAAbortOnError                   0x08002f4c   Section        0  stm32f3xx_hal_uart.o(i.UART_DMAAbortOnError)
    UART_DMAAbortOnError                     0x08002f4d   Thumb Code    24  stm32f3xx_hal_uart.o(i.UART_DMAAbortOnError)
    i.UART_EndRxTransfer                     0x08002f64   Section        0  stm32f3xx_hal_uart.o(i.UART_EndRxTransfer)
    UART_EndRxTransfer                       0x08002f65   Thumb Code    32  stm32f3xx_hal_uart.o(i.UART_EndRxTransfer)
    i.UART_EndTransmit_IT                    0x08002f84   Section        0  stm32f3xx_hal_uart.o(i.UART_EndTransmit_IT)
    i.UART_Receive_IT                        0x08002fa4   Section        0  stm32f3xx_hal_uart.o(i.UART_Receive_IT)
    i.UART_SetConfig                         0x08003030   Section        0  stm32f3xx_hal_uart.o(i.UART_SetConfig)
    i.UART_Transmit_IT                       0x0800329c   Section        0  stm32f3xx_hal_uart.o(i.UART_Transmit_IT)
    i.UART_WaitOnFlagUntilTimeout            0x08003306   Section        0  stm32f3xx_hal_uart.o(i.UART_WaitOnFlagUntilTimeout)
    i.USART1_IRQHandler                      0x08003374   Section        0  stm32f3xx_it.o(i.USART1_IRQHandler)
    i.USART3_IRQHandler                      0x08003384   Section        0  stm32f3xx_it.o(i.USART3_IRQHandler)
    i.UsageFault_Handler                     0x08003394   Section        0  stm32f3xx_it.o(i.UsageFault_Handler)
    i._Error_Handler                         0x08003398   Section        0  main.o(i._Error_Handler)
    i.__scatterload_copy                     0x0800339c   Section       14  handlers.o(i.__scatterload_copy)
    i.__scatterload_null                     0x080033aa   Section        2  handlers.o(i.__scatterload_null)
    i.__scatterload_zeroinit                 0x080033ac   Section       14  handlers.o(i.__scatterload_zeroinit)
    i.main                                   0x080033ba   Section        0  main.o(i.main)
    .constdata                               0x080033ee   Section       32  stm32f3xx_hal_rcc.o(.constdata)
    .constdata                               0x0800340e   Section       24  system_stm32f3xx.o(.constdata)
    .data                                    0x20000000   Section        9  stm32f3xx_hal.o(.data)
    .data                                    0x2000000c   Section        4  system_stm32f3xx.o(.data)
    .bss                                     0x20000010   Section       40  dac.o(.bss)
    .bss                                     0x20000038   Section      272  sdadc.o(.bss)
    .bss                                     0x20000148   Section      236  spi.o(.bss)
    .bss                                     0x20000234   Section      360  usart.o(.bss)
    STACK                                    0x200003a0   Section     1024  startup_stm32f373xc.o(STACK)

    Global Symbols

    Symbol Name                              Value     Ov Type        Size  Object(Section)

    BuildAttributes$$THM_ISAv4$E$P$D$K$B$S$7EM$VFPi3$EXTD16$VFPS$VFMA$PE$A:L22UL41UL21$X:L11$S22US41US21$IEEE1$IW$USESV6$~STKCKD$USESV7$~SHL$OSPACE$EBA8$MICROLIB$REQ8$PRES8$EABIv2 0x00000000   Number         0  anon$$obj.o ABSOLUTE
    __ARM_use_no_argv                        0x00000000   Number         0  main.o ABSOLUTE
    __cpp_initialize__aeabi_                  - Undefined Weak Reference
    __cxa_finalize                            - Undefined Weak Reference
    __decompress                              - Undefined Weak Reference
    _clock_init                               - Undefined Weak Reference
    _microlib_exit                            - Undefined Weak Reference
    __Vectors_Size                           0x00000188   Number         0  startup_stm32f373xc.o ABSOLUTE
    __Vectors                                0x08000000   Data           4  startup_stm32f373xc.o(RESET)
    __Vectors_End                            0x08000188   Data           0  startup_stm32f373xc.o(RESET)
    __main                                   0x08000189   Thumb Code     0  entry.o(.ARM.Collect$$$$00000000)
    _main_stk                                0x08000189   Thumb Code     0  entry2.o(.ARM.Collect$$$$00000001)
    _main_scatterload                        0x0800018d   Thumb Code     0  entry5.o(.ARM.Collect$$$$00000004)
    __main_after_scatterload                 0x08000191   Thumb Code     0  entry5.o(.ARM.Collect$$$$00000004)
    _main_clock                              0x08000191   Thumb Code     0  entry7b.o(.ARM.Collect$$$$00000008)
    _main_cpp_init                           0x08000191   Thumb Code     0  entry8b.o(.ARM.Collect$$$$0000000A)
    _main_init                               0x08000191   Thumb Code     0  entry9a.o(.ARM.Collect$$$$0000000B)
    __rt_final_cpp                           0x08000199   Thumb Code     0  entry10a.o(.ARM.Collect$$$$0000000D)
    __rt_final_exit                          0x08000199   Thumb Code     0  entry11a.o(.ARM.Collect$$$$0000000F)
    Reset_Handler                            0x0800019d   Thumb Code     8  startup_stm32f373xc.o(.text)
    ADC1_IRQHandler                          0x080001b7   Thumb Code     0  startup_stm32f373xc.o(.text)
    CAN_RX0_IRQHandler                       0x080001b7   Thumb Code     0  startup_stm32f373xc.o(.text)
    CAN_RX1_IRQHandler                       0x080001b7   Thumb Code     0  startup_stm32f373xc.o(.text)
    CAN_SCE_IRQHandler                       0x080001b7   Thumb Code     0  startup_stm32f373xc.o(.text)
    CAN_TX_IRQHandler                        0x080001b7   Thumb Code     0  startup_stm32f373xc.o(.text)
    CEC_IRQHandler                           0x080001b7   Thumb Code     0  startup_stm32f373xc.o(.text)
    COMP1_2_IRQHandler                       0x080001b7   Thumb Code     0  startup_stm32f373xc.o(.text)
    DMA1_Channel1_IRQHandler                 0x080001b7   Thumb Code     0  startup_stm32f373xc.o(.text)
    DMA1_Channel6_IRQHandler                 0x080001b7   Thumb Code     0  startup_stm32f373xc.o(.text)
    DMA1_Channel7_IRQHandler                 0x080001b7   Thumb Code     0  startup_stm32f373xc.o(.text)
    DMA2_Channel1_IRQHandler                 0x080001b7   Thumb Code     0  startup_stm32f373xc.o(.text)
    DMA2_Channel2_IRQHandler                 0x080001b7   Thumb Code     0  startup_stm32f373xc.o(.text)
    DMA2_Channel4_IRQHandler                 0x080001b7   Thumb Code     0  startup_stm32f373xc.o(.text)
    EXTI0_IRQHandler                         0x080001b7   Thumb Code     0  startup_stm32f373xc.o(.text)
    EXTI15_10_IRQHandler                     0x080001b7   Thumb Code     0  startup_stm32f373xc.o(.text)
    EXTI1_IRQHandler                         0x080001b7   Thumb Code     0  startup_stm32f373xc.o(.text)
    EXTI2_TSC_IRQHandler                     0x080001b7   Thumb Code     0  startup_stm32f373xc.o(.text)
    EXTI3_IRQHandler                         0x080001b7   Thumb Code     0  startup_stm32f373xc.o(.text)
    EXTI4_IRQHandler                         0x080001b7   Thumb Code     0  startup_stm32f373xc.o(.text)
    EXTI9_5_IRQHandler                       0x080001b7   Thumb Code     0  startup_stm32f373xc.o(.text)
    FLASH_IRQHandler                         0x080001b7   Thumb Code     0  startup_stm32f373xc.o(.text)
    FPU_IRQHandler                           0x080001b7   Thumb Code     0  startup_stm32f373xc.o(.text)
    I2C1_ER_IRQHandler                       0x080001b7   Thumb Code     0  startup_stm32f373xc.o(.text)
    I2C1_EV_IRQHandler                       0x080001b7   Thumb Code     0  startup_stm32f373xc.o(.text)
    I2C2_ER_IRQHandler                       0x080001b7   Thumb Code     0  startup_stm32f373xc.o(.text)
    I2C2_EV_IRQHandler                       0x080001b7   Thumb Code     0  startup_stm32f373xc.o(.text)
    PVD_IRQHandler                           0x080001b7   Thumb Code     0  startup_stm32f373xc.o(.text)
    RCC_IRQHandler                           0x080001b7   Thumb Code     0  startup_stm32f373xc.o(.text)
    RTC_Alarm_IRQHandler                     0x080001b7   Thumb Code     0  startup_stm32f373xc.o(.text)
    RTC_WKUP_IRQHandler                      0x080001b7   Thumb Code     0  startup_stm32f373xc.o(.text)
    SDADC2_IRQHandler                        0x080001b7   Thumb Code     0  startup_stm32f373xc.o(.text)
    SPI1_IRQHandler                          0x080001b7   Thumb Code     0  startup_stm32f373xc.o(.text)
    SPI3_IRQHandler                          0x080001b7   Thumb Code     0  startup_stm32f373xc.o(.text)
    TAMP_STAMP_IRQHandler                    0x080001b7   Thumb Code     0  startup_stm32f373xc.o(.text)
    TIM12_IRQHandler                         0x080001b7   Thumb Code     0  startup_stm32f373xc.o(.text)
    TIM13_IRQHandler                         0x080001b7   Thumb Code     0  startup_stm32f373xc.o(.text)
    TIM14_IRQHandler                         0x080001b7   Thumb Code     0  startup_stm32f373xc.o(.text)
    TIM15_IRQHandler                         0x080001b7   Thumb Code     0  startup_stm32f373xc.o(.text)
    TIM16_IRQHandler                         0x080001b7   Thumb Code     0  startup_stm32f373xc.o(.text)
    TIM17_IRQHandler                         0x080001b7   Thumb Code     0  startup_stm32f373xc.o(.text)
    TIM19_IRQHandler                         0x080001b7   Thumb Code     0  startup_stm32f373xc.o(.text)
    TIM2_IRQHandler                          0x080001b7   Thumb Code     0  startup_stm32f373xc.o(.text)
    TIM3_IRQHandler                          0x080001b7   Thumb Code     0  startup_stm32f373xc.o(.text)
    TIM4_IRQHandler                          0x080001b7   Thumb Code     0  startup_stm32f373xc.o(.text)
    TIM5_IRQHandler                          0x080001b7   Thumb Code     0  startup_stm32f373xc.o(.text)
    TIM7_IRQHandler                          0x080001b7   Thumb Code     0  startup_stm32f373xc.o(.text)
    USART2_IRQHandler                        0x080001b7   Thumb Code     0  startup_stm32f373xc.o(.text)
    USBWakeUp_IRQHandler                     0x080001b7   Thumb Code     0  startup_stm32f373xc.o(.text)
    USB_HP_IRQHandler                        0x080001b7   Thumb Code     0  startup_stm32f373xc.o(.text)
    USB_LP_IRQHandler                        0x080001b7   Thumb Code     0  startup_stm32f373xc.o(.text)
    WWDG_IRQHandler                          0x080001b7   Thumb Code     0  startup_stm32f373xc.o(.text)
    __scatterload                            0x080001c1   Thumb Code    28  init.o(.text)
    __scatterload_rt2                        0x080001c1   Thumb Code     0  init.o(.text)
    BusFault_Handler                         0x080001e5   Thumb Code     4  stm32f3xx_it.o(i.BusFault_Handler)
    DMA1_Channel2_IRQHandler                 0x080001e9   Thumb Code    10  stm32f3xx_it.o(i.DMA1_Channel2_IRQHandler)
    DMA1_Channel3_IRQHandler                 0x080001f9   Thumb Code    10  stm32f3xx_it.o(i.DMA1_Channel3_IRQHandler)
    DMA1_Channel4_IRQHandler                 0x08000209   Thumb Code    10  stm32f3xx_it.o(i.DMA1_Channel4_IRQHandler)
    DMA1_Channel5_IRQHandler                 0x08000219   Thumb Code    10  stm32f3xx_it.o(i.DMA1_Channel5_IRQHandler)
    DMA2_Channel3_IRQHandler                 0x08000229   Thumb Code    10  stm32f3xx_it.o(i.DMA2_Channel3_IRQHandler)
    DMA2_Channel5_IRQHandler                 0x08000239   Thumb Code    10  stm32f3xx_it.o(i.DMA2_Channel5_IRQHandler)
    DebugMon_Handler                         0x08000289   Thumb Code     2  stm32f3xx_it.o(i.DebugMon_Handler)
    HAL_DACEx_DMAUnderrunCallbackCh2         0x0800028b   Thumb Code     2  stm32f3xx_hal_dac_ex.o(i.HAL_DACEx_DMAUnderrunCallbackCh2)
    HAL_DAC_ConfigChannel                    0x0800028d   Thumb Code    90  stm32f3xx_hal_dac_ex.o(i.HAL_DAC_ConfigChannel)
    HAL_DAC_DMAUnderrunCallbackCh1           0x080002e7   Thumb Code     2  stm32f3xx_hal_dac.o(i.HAL_DAC_DMAUnderrunCallbackCh1)
    HAL_DAC_IRQHandler                       0x080002e9   Thumb Code   138  stm32f3xx_hal_dac_ex.o(i.HAL_DAC_IRQHandler)
    HAL_DAC_Init                             0x08000373   Thumb Code    40  stm32f3xx_hal_dac.o(i.HAL_DAC_Init)
    HAL_DAC_MspInit                          0x0800039d   Thumb Code   128  dac.o(i.HAL_DAC_MspInit)
    HAL_DMA_Abort_IT                         0x08000429   Thumb Code    88  stm32f3xx_hal_dma.o(i.HAL_DMA_Abort_IT)
    HAL_DMA_IRQHandler                       0x08000481   Thumb Code   230  stm32f3xx_hal_dma.o(i.HAL_DMA_IRQHandler)
    HAL_DMA_Init                             0x08000567   Thumb Code    94  stm32f3xx_hal_dma.o(i.HAL_DMA_Init)
    HAL_Delay                                0x080005c5   Thumb Code    36  stm32f3xx_hal.o(i.HAL_Delay)
    HAL_GPIO_Init                            0x080005ed   Thumb Code   432  stm32f3xx_hal_gpio.o(i.HAL_GPIO_Init)
    HAL_GPIO_WritePin                        0x080007b9   Thumb Code    10  stm32f3xx_hal_gpio.o(i.HAL_GPIO_WritePin)
    HAL_GetTick                              0x080007c5   Thumb Code     6  stm32f3xx_hal.o(i.HAL_GetTick)
    HAL_IncTick                              0x080007d1   Thumb Code    16  stm32f3xx_hal.o(i.HAL_IncTick)
    HAL_Init                                 0x080007e9   Thumb Code    34  stm32f3xx_hal.o(i.HAL_Init)
    HAL_InitTick                             0x08000811   Thumb Code    64  stm32f3xx_hal.o(i.HAL_InitTick)
    HAL_MspInit                              0x0800085d   Thumb Code   140  stm32f3xx_hal_msp.o(i.HAL_MspInit)
    HAL_NVIC_EnableIRQ                       0x080008ed   Thumb Code    26  stm32f3xx_hal_cortex.o(i.HAL_NVIC_EnableIRQ)
    HAL_NVIC_SetPriority                     0x08000907   Thumb Code   124  stm32f3xx_hal_cortex.o(i.HAL_NVIC_SetPriority)
    HAL_NVIC_SetPriorityGrouping             0x08000985   Thumb Code    32  stm32f3xx_hal_cortex.o(i.HAL_NVIC_SetPriorityGrouping)
    HAL_PWREx_EnableSDADC                    0x080009ad   Thumb Code    42  stm32f3xx_hal_pwr_ex.o(i.HAL_PWREx_EnableSDADC)
    HAL_RCCEx_PeriphCLKConfig                0x080009e1   Thumb Code   622  stm32f3xx_hal_rcc_ex.o(i.HAL_RCCEx_PeriphCLKConfig)
    HAL_RCC_ClockConfig                      0x08000c5d   Thumb Code   732  stm32f3xx_hal_rcc.o(i.HAL_RCC_ClockConfig)
    HAL_RCC_GetHCLKFreq                      0x08000f49   Thumb Code     6  stm32f3xx_hal_rcc.o(i.HAL_RCC_GetHCLKFreq)
    HAL_RCC_GetPCLK1Freq                     0x08000f55   Thumb Code    36  stm32f3xx_hal_rcc.o(i.HAL_RCC_GetPCLK1Freq)
    HAL_RCC_GetPCLK2Freq                     0x08000f81   Thumb Code    36  stm32f3xx_hal_rcc.o(i.HAL_RCC_GetPCLK2Freq)
    HAL_RCC_GetSysClockFreq                  0x08000fad   Thumb Code   120  stm32f3xx_hal_rcc.o(i.HAL_RCC_GetSysClockFreq)
    HAL_RCC_OscConfig                        0x08001039   Thumb Code  2550  stm32f3xx_hal_rcc.o(i.HAL_RCC_OscConfig)
    HAL_SDADC_AssociateChannelConfig         0x08001a39   Thumb Code   108  stm32f3xx_hal_sdadc.o(i.HAL_SDADC_AssociateChannelConfig)
    HAL_SDADC_CalibrationCpltCallback        0x08001aa9   Thumb Code     2  stm32f3xx_hal_sdadc.o(i.HAL_SDADC_CalibrationCpltCallback)
    HAL_SDADC_ConvCpltCallback               0x08001aab   Thumb Code     2  stm32f3xx_hal_sdadc.o(i.HAL_SDADC_ConvCpltCallback)
    HAL_SDADC_ErrorCallback                  0x08001aad   Thumb Code     2  stm32f3xx_hal_sdadc.o(i.HAL_SDADC_ErrorCallback)
    HAL_SDADC_IRQHandler                     0x08001aaf   Thumb Code   328  stm32f3xx_hal_sdadc.o(i.HAL_SDADC_IRQHandler)
    HAL_SDADC_Init                           0x08001bf9   Thumb Code   180  stm32f3xx_hal_sdadc.o(i.HAL_SDADC_Init)
    HAL_SDADC_InjectedConfigChannel          0x08001cb1   Thumb Code    82  stm32f3xx_hal_sdadc.o(i.HAL_SDADC_InjectedConfigChannel)
    HAL_SDADC_InjectedConvCpltCallback       0x08001d03   Thumb Code     2  stm32f3xx_hal_sdadc.o(i.HAL_SDADC_InjectedConvCpltCallback)
    HAL_SDADC_MspInit                        0x08001d05   Thumb Code   290  sdadc.o(i.HAL_SDADC_MspInit)
    HAL_SDADC_PrepareChannelConfig           0x08001e61   Thumb Code    82  stm32f3xx_hal_sdadc.o(i.HAL_SDADC_PrepareChannelConfig)
    HAL_SDADC_SelectInjectedDelay            0x08001eb3   Thumb Code    70  stm32f3xx_hal_sdadc.o(i.HAL_SDADC_SelectInjectedDelay)
    HAL_SDADC_SelectInjectedTrigger          0x08001ef9   Thumb Code    54  stm32f3xx_hal_sdadc.o(i.HAL_SDADC_SelectInjectedTrigger)
    HAL_SPI_ErrorCallback                    0x08001f35   Thumb Code     2  stm32f3xx_hal_spi.o(i.HAL_SPI_ErrorCallback)
    HAL_SPI_IRQHandler                       0x08001f39   Thumb Code   310  stm32f3xx_hal_spi.o(i.HAL_SPI_IRQHandler)
    HAL_SPI_Init                             0x08002075   Thumb Code   204  stm32f3xx_hal_spi.o(i.HAL_SPI_Init)
    HAL_SPI_MspInit                          0x08002141   Thumb Code   188  spi.o(i.HAL_SPI_MspInit)
    HAL_SYSTICK_CLKSourceConfig              0x08002225   Thumb Code    40  stm32f3xx_hal_cortex.o(i.HAL_SYSTICK_CLKSourceConfig)
    HAL_SYSTICK_Callback                     0x0800224d   Thumb Code     2  stm32f3xx_hal_cortex.o(i.HAL_SYSTICK_Callback)
    HAL_SYSTICK_Config                       0x0800224f   Thumb Code    52  stm32f3xx_hal_cortex.o(i.HAL_SYSTICK_Config)
    HAL_SYSTICK_IRQHandler                   0x08002283   Thumb Code     8  stm32f3xx_hal_cortex.o(i.HAL_SYSTICK_IRQHandler)
    HAL_UARTEx_WakeupCallback                0x0800228b   Thumb Code     2  stm32f3xx_hal_uart_ex.o(i.HAL_UARTEx_WakeupCallback)
    HAL_UART_ErrorCallback                   0x0800228d   Thumb Code     2  stm32f3xx_hal_uart.o(i.HAL_UART_ErrorCallback)
    HAL_UART_IRQHandler                      0x08002291   Thumb Code   390  stm32f3xx_hal_uart.o(i.HAL_UART_IRQHandler)
    HAL_UART_Init                            0x0800241d   Thumb Code   120  stm32f3xx_hal_uart.o(i.HAL_UART_Init)
    HAL_UART_MspInit                         0x08002495   Thumb Code   252  usart.o(i.HAL_UART_MspInit)
    HAL_UART_RxCpltCallback                  0x080025c1   Thumb Code     2  stm32f3xx_hal_uart.o(i.HAL_UART_RxCpltCallback)
    HAL_UART_TxCpltCallback                  0x080025c3   Thumb Code     2  stm32f3xx_hal_uart.o(i.HAL_UART_TxCpltCallback)
    HardFault_Handler                        0x080025c5   Thumb Code     4  stm32f3xx_it.o(i.HardFault_Handler)
    MX_DAC1_Init                             0x080025c9   Thumb Code    72  dac.o(i.MX_DAC1_Init)
    MX_DAC2_Init                             0x0800262d   Thumb Code    52  dac.o(i.MX_DAC2_Init)
    MX_DMA_Init                              0x0800267d   Thumb Code    90  dma.o(i.MX_DMA_Init)
    MX_GPIO_Init                             0x080026dd   Thumb Code   326  gpio.o(i.MX_GPIO_Init)
    MX_SDADC1_Init                           0x080028e5   Thumb Code   172  sdadc.o(i.MX_SDADC1_Init)
    MX_SDADC3_Init                           0x080029b9   Thumb Code   152  sdadc.o(i.MX_SDADC3_Init)
    MX_SPI2_Init                             0x08002a71   Thumb Code    66  spi.o(i.MX_SPI2_Init)
    MX_USART1_UART_Init                      0x08002ad1   Thumb Code    60  usart.o(i.MX_USART1_UART_Init)
    MX_USART3_UART_Init                      0x08002b29   Thumb Code    60  usart.o(i.MX_USART3_UART_Init)
    MemManage_Handler                        0x08002b81   Thumb Code     4  stm32f3xx_it.o(i.MemManage_Handler)
    NMI_Handler                              0x08002b85   Thumb Code     2  stm32f3xx_it.o(i.NMI_Handler)
    PendSV_Handler                           0x08002bc1   Thumb Code     2  stm32f3xx_it.o(i.PendSV_Handler)
    SDADC1_IRQHandler                        0x08002bc5   Thumb Code    10  stm32f3xx_it.o(i.SDADC1_IRQHandler)
    SDADC3_IRQHandler                        0x08002bd5   Thumb Code    10  stm32f3xx_it.o(i.SDADC3_IRQHandler)
    SPI2_IRQHandler                          0x08002c49   Thumb Code    10  stm32f3xx_it.o(i.SPI2_IRQHandler)
    SVC_Handler                              0x08002c6f   Thumb Code     2  stm32f3xx_it.o(i.SVC_Handler)
    SysTick_Handler                          0x08002c71   Thumb Code    12  stm32f3xx_it.o(i.SysTick_Handler)
    SystemClock_Config                       0x08002c7d   Thumb Code   178  main.o(i.SystemClock_Config)
    SystemInit                               0x08002d45   Thumb Code   104  system_stm32f3xx.o(i.SystemInit)
    TIM18_DAC2_IRQHandler                    0x08002dc1   Thumb Code    10  stm32f3xx_it.o(i.TIM18_DAC2_IRQHandler)
    TIM6_DAC1_IRQHandler                     0x08002dd1   Thumb Code    10  stm32f3xx_it.o(i.TIM6_DAC1_IRQHandler)
    UART_AdvFeatureConfig                    0x08002de1   Thumb Code   248  stm32f3xx_hal_uart.o(i.UART_AdvFeatureConfig)
    UART_CheckIdleState                      0x08002ed9   Thumb Code   116  stm32f3xx_hal_uart.o(i.UART_CheckIdleState)
    UART_EndTransmit_IT                      0x08002f85   Thumb Code    32  stm32f3xx_hal_uart.o(i.UART_EndTransmit_IT)
    UART_Receive_IT                          0x08002fa5   Thumb Code   138  stm32f3xx_hal_uart.o(i.UART_Receive_IT)
    UART_SetConfig                           0x08003031   Thumb Code   596  stm32f3xx_hal_uart.o(i.UART_SetConfig)
    UART_Transmit_IT                         0x0800329d   Thumb Code   106  stm32f3xx_hal_uart.o(i.UART_Transmit_IT)
    UART_WaitOnFlagUntilTimeout              0x08003307   Thumb Code   108  stm32f3xx_hal_uart.o(i.UART_WaitOnFlagUntilTimeout)
    USART1_IRQHandler                        0x08003375   Thumb Code    10  stm32f3xx_it.o(i.USART1_IRQHandler)
    USART3_IRQHandler                        0x08003385   Thumb Code    10  stm32f3xx_it.o(i.USART3_IRQHandler)
    UsageFault_Handler                       0x08003395   Thumb Code     4  stm32f3xx_it.o(i.UsageFault_Handler)
    _Error_Handler                           0x08003399   Thumb Code     4  main.o(i._Error_Handler)
    __scatterload_copy                       0x0800339d   Thumb Code    14  handlers.o(i.__scatterload_copy)
    __scatterload_null                       0x080033ab   Thumb Code     2  handlers.o(i.__scatterload_null)
    __scatterload_zeroinit                   0x080033ad   Thumb Code    14  handlers.o(i.__scatterload_zeroinit)
    main                                     0x080033bb   Thumb Code    52  main.o(i.main)
    aPLLMULFactorTable                       0x080033ee   Data          16  stm32f3xx_hal_rcc.o(.constdata)
    aPredivFactorTable                       0x080033fe   Data          16  stm32f3xx_hal_rcc.o(.constdata)
    AHBPrescTable                            0x0800340e   Data          16  system_stm32f3xx.o(.constdata)
    APBPrescTable                            0x0800341e   Data           8  system_stm32f3xx.o(.constdata)
    Region$$Table$$Base                      0x08003428   Number         0  anon$$obj.o(Region$$Table)
    Region$$Table$$Limit                     0x08003448   Number         0  anon$$obj.o(Region$$Table)
    uwTick                                   0x20000000   Data           4  stm32f3xx_hal.o(.data)
    uwTickPrio                               0x20000004   Data           4  stm32f3xx_hal.o(.data)
    uwTickFreq                               0x20000008   Data           1  stm32f3xx_hal.o(.data)
    SystemCoreClock                          0x2000000c   Data           4  system_stm32f3xx.o(.data)
    hdac1                                    0x20000010   Data          20  dac.o(.bss)
    hdac2                                    0x20000024   Data          20  dac.o(.bss)
    hsdadc1                                  0x20000038   Data          68  sdadc.o(.bss)
    hsdadc3                                  0x2000007c   Data          68  sdadc.o(.bss)
    hdma_sdadc1                              0x200000c0   Data          68  sdadc.o(.bss)
    hdma_sdadc3                              0x20000104   Data          68  sdadc.o(.bss)
    hspi2                                    0x20000148   Data         100  spi.o(.bss)
    hdma_spi2_rx                             0x200001ac   Data          68  spi.o(.bss)
    hdma_spi2_tx                             0x200001f0   Data          68  spi.o(.bss)
    huart1                                   0x20000234   Data         112  usart.o(.bss)
    huart3                                   0x200002a4   Data         112  usart.o(.bss)
    hdma_usart3_rx                           0x20000314   Data          68  usart.o(.bss)
    hdma_usart3_tx                           0x20000358   Data          68  usart.o(.bss)
    __initial_sp                             0x200007a0   Data           0  startup_stm32f373xc.o(STACK)



==============================================================================

Memory Map of the image

  Image Entry point : 0x08000189

  Load Region LR_IROM1 (Base: 0x08000000, Size: 0x00003458, Max: 0x00040000, ABSOLUTE)

    Execution Region ER_IROM1 (Exec base: 0x08000000, Load base: 0x08000000, Size: 0x00003448, Max: 0x00040000, ABSOLUTE)

    Exec Addr    Load Addr    Size         Type   Attr      Idx    E Section Name        Object

    0x08000000   0x08000000   0x00000188   Data   RO            3    RESET               startup_stm32f373xc.o
    0x08000188   0x08000188   0x00000000   Code   RO         3517  * .ARM.Collect$$$$00000000  mc_w.l(entry.o)
    0x08000188   0x08000188   0x00000004   Code   RO         3522    .ARM.Collect$$$$00000001  mc_w.l(entry2.o)
    0x0800018c   0x0800018c   0x00000004   Code   RO         3525    .ARM.Collect$$$$00000004  mc_w.l(entry5.o)
    0x08000190   0x08000190   0x00000000   Code   RO         3527    .ARM.Collect$$$$00000008  mc_w.l(entry7b.o)
    0x08000190   0x08000190   0x00000000   Code   RO         3529    .ARM.Collect$$$$0000000A  mc_w.l(entry8b.o)
    0x08000190   0x08000190   0x00000008   Code   RO         3530    .ARM.Collect$$$$0000000B  mc_w.l(entry9a.o)
    0x08000198   0x08000198   0x00000000   Code   RO         3532    .ARM.Collect$$$$0000000D  mc_w.l(entry10a.o)
    0x08000198   0x08000198   0x00000000   Code   RO         3534    .ARM.Collect$$$$0000000F  mc_w.l(entry11a.o)
    0x08000198   0x08000198   0x00000004   Code   RO         3523    .ARM.Collect$$$$00002712  mc_w.l(entry2.o)
    0x0800019c   0x0800019c   0x00000024   Code   RO            4    .text               startup_stm32f373xc.o
    0x080001c0   0x080001c0   0x00000024   Code   RO         3536    .text               mc_w.l(init.o)
    0x080001e4   0x080001e4   0x00000004   Code   RO          416    i.BusFault_Handler  stm32f3xx_it.o
    0x080001e8   0x080001e8   0x00000010   Code   RO          417    i.DMA1_Channel2_IRQHandler  stm32f3xx_it.o
    0x080001f8   0x080001f8   0x00000010   Code   RO          418    i.DMA1_Channel3_IRQHandler  stm32f3xx_it.o
    0x08000208   0x08000208   0x00000010   Code   RO          419    i.DMA1_Channel4_IRQHandler  stm32f3xx_it.o
    0x08000218   0x08000218   0x00000010   Code   RO          420    i.DMA1_Channel5_IRQHandler  stm32f3xx_it.o
    0x08000228   0x08000228   0x00000010   Code   RO          421    i.DMA2_Channel3_IRQHandler  stm32f3xx_it.o
    0x08000238   0x08000238   0x00000010   Code   RO          422    i.DMA2_Channel5_IRQHandler  stm32f3xx_it.o
    0x08000248   0x08000248   0x00000040   Code   RO         2402    i.DMA_CalcBaseAndBitshift  stm32f3xx_hal_dma.o
    0x08000288   0x08000288   0x00000002   Code   RO          423    i.DebugMon_Handler  stm32f3xx_it.o
    0x0800028a   0x0800028a   0x00000002   Code   RO          728    i.HAL_DACEx_DMAUnderrunCallbackCh2  stm32f3xx_hal_dac_ex.o
    0x0800028c   0x0800028c   0x0000005a   Code   RO          734    i.HAL_DAC_ConfigChannel  stm32f3xx_hal_dac_ex.o
    0x080002e6   0x080002e6   0x00000002   Code   RO          599    i.HAL_DAC_DMAUnderrunCallbackCh1  stm32f3xx_hal_dac.o
    0x080002e8   0x080002e8   0x0000008a   Code   RO          736    i.HAL_DAC_IRQHandler  stm32f3xx_hal_dac_ex.o
    0x08000372   0x08000372   0x00000028   Code   RO          605    i.HAL_DAC_Init      stm32f3xx_hal_dac.o
    0x0800039a   0x0800039a   0x00000002   PAD
    0x0800039c   0x0800039c   0x0000008c   Code   RO          207    i.HAL_DAC_MspInit   dac.o
    0x08000428   0x08000428   0x00000058   Code   RO         2405    i.HAL_DMA_Abort_IT  stm32f3xx_hal_dma.o
    0x08000480   0x08000480   0x000000e6   Code   RO         2409    i.HAL_DMA_IRQHandler  stm32f3xx_hal_dma.o
    0x08000566   0x08000566   0x0000005e   Code   RO         2410    i.HAL_DMA_Init      stm32f3xx_hal_dma.o
    0x080005c4   0x080005c4   0x00000028   Code   RO         2026    i.HAL_Delay         stm32f3xx_hal.o
    0x080005ec   0x080005ec   0x000001cc   Code   RO         2339    i.HAL_GPIO_Init     stm32f3xx_hal_gpio.o
    0x080007b8   0x080007b8   0x0000000a   Code   RO         2343    i.HAL_GPIO_WritePin  stm32f3xx_hal_gpio.o
    0x080007c2   0x080007c2   0x00000002   PAD
    0x080007c4   0x080007c4   0x0000000c   Code   RO         2030    i.HAL_GetTick       stm32f3xx_hal.o
    0x080007d0   0x080007d0   0x00000018   Code   RO         2036    i.HAL_IncTick       stm32f3xx_hal.o
    0x080007e8   0x080007e8   0x00000028   Code   RO         2037    i.HAL_Init          stm32f3xx_hal.o
    0x08000810   0x08000810   0x0000004c   Code   RO         2038    i.HAL_InitTick      stm32f3xx_hal.o
    0x0800085c   0x0800085c   0x00000090   Code   RO          570    i.HAL_MspInit       stm32f3xx_hal_msp.o
    0x080008ec   0x080008ec   0x0000001a   Code   RO         2507    i.HAL_NVIC_EnableIRQ  stm32f3xx_hal_cortex.o
    0x08000906   0x08000906   0x0000007c   Code   RO         2513    i.HAL_NVIC_SetPriority  stm32f3xx_hal_cortex.o
    0x08000982   0x08000982   0x00000002   PAD
    0x08000984   0x08000984   0x00000028   Code   RO         2514    i.HAL_NVIC_SetPriorityGrouping  stm32f3xx_hal_cortex.o
    0x080009ac   0x080009ac   0x00000034   Code   RO         2733    i.HAL_PWREx_EnableSDADC  stm32f3xx_hal_pwr_ex.o
    0x080009e0   0x080009e0   0x0000027c   Code   RO         2297    i.HAL_RCCEx_PeriphCLKConfig  stm32f3xx_hal_rcc_ex.o
    0x08000c5c   0x08000c5c   0x000002ec   Code   RO         2191    i.HAL_RCC_ClockConfig  stm32f3xx_hal_rcc.o
    0x08000f48   0x08000f48   0x0000000c   Code   RO         2196    i.HAL_RCC_GetHCLKFreq  stm32f3xx_hal_rcc.o
    0x08000f54   0x08000f54   0x0000002c   Code   RO         2198    i.HAL_RCC_GetPCLK1Freq  stm32f3xx_hal_rcc.o
    0x08000f80   0x08000f80   0x0000002c   Code   RO         2199    i.HAL_RCC_GetPCLK2Freq  stm32f3xx_hal_rcc.o
    0x08000fac   0x08000fac   0x0000008c   Code   RO         2200    i.HAL_RCC_GetSysClockFreq  stm32f3xx_hal_rcc.o
    0x08001038   0x08001038   0x00000a00   Code   RO         2203    i.HAL_RCC_OscConfig  stm32f3xx_hal_rcc.o
    0x08001a38   0x08001a38   0x00000070   Code   RO          852    i.HAL_SDADC_AssociateChannelConfig  stm32f3xx_hal_sdadc.o
    0x08001aa8   0x08001aa8   0x00000002   Code   RO          853    i.HAL_SDADC_CalibrationCpltCallback  stm32f3xx_hal_sdadc.o
    0x08001aaa   0x08001aaa   0x00000002   Code   RO          857    i.HAL_SDADC_ConvCpltCallback  stm32f3xx_hal_sdadc.o
    0x08001aac   0x08001aac   0x00000002   Code   RO          860    i.HAL_SDADC_ErrorCallback  stm32f3xx_hal_sdadc.o
    0x08001aae   0x08001aae   0x00000148   Code   RO          864    i.HAL_SDADC_IRQHandler  stm32f3xx_hal_sdadc.o
    0x08001bf6   0x08001bf6   0x00000002   PAD
    0x08001bf8   0x08001bf8   0x000000b8   Code   RO          865    i.HAL_SDADC_Init    stm32f3xx_hal_sdadc.o
    0x08001cb0   0x08001cb0   0x00000052   Code   RO          866    i.HAL_SDADC_InjectedConfigChannel  stm32f3xx_hal_sdadc.o
    0x08001d02   0x08001d02   0x00000002   Code   RO          867    i.HAL_SDADC_InjectedConvCpltCallback  stm32f3xx_hal_sdadc.o
    0x08001d04   0x08001d04   0x0000015c   Code   RO          279    i.HAL_SDADC_MspInit  sdadc.o
    0x08001e60   0x08001e60   0x00000052   Code   RO          889    i.HAL_SDADC_PrepareChannelConfig  stm32f3xx_hal_sdadc.o
    0x08001eb2   0x08001eb2   0x00000046   Code   RO          890    i.HAL_SDADC_SelectInjectedDelay  stm32f3xx_hal_sdadc.o
    0x08001ef8   0x08001ef8   0x0000003c   Code   RO          892    i.HAL_SDADC_SelectInjectedTrigger  stm32f3xx_hal_sdadc.o
    0x08001f34   0x08001f34   0x00000002   Code   RO         1225    i.HAL_SPI_ErrorCallback  stm32f3xx_hal_spi.o
    0x08001f36   0x08001f36   0x00000002   PAD
    0x08001f38   0x08001f38   0x0000013c   Code   RO         1228    i.HAL_SPI_IRQHandler  stm32f3xx_hal_spi.o
    0x08002074   0x08002074   0x000000cc   Code   RO         1229    i.HAL_SPI_Init      stm32f3xx_hal_spi.o
    0x08002140   0x08002140   0x000000e4   Code   RO          327    i.HAL_SPI_MspInit   spi.o
    0x08002224   0x08002224   0x00000028   Code   RO         2516    i.HAL_SYSTICK_CLKSourceConfig  stm32f3xx_hal_cortex.o
    0x0800224c   0x0800224c   0x00000002   Code   RO         2517    i.HAL_SYSTICK_Callback  stm32f3xx_hal_cortex.o
    0x0800224e   0x0800224e   0x00000034   Code   RO         2518    i.HAL_SYSTICK_Config  stm32f3xx_hal_cortex.o
    0x08002282   0x08002282   0x00000008   Code   RO         2519    i.HAL_SYSTICK_IRQHandler  stm32f3xx_hal_cortex.o
    0x0800228a   0x0800228a   0x00000002   Code   RO         1970    i.HAL_UARTEx_WakeupCallback  stm32f3xx_hal_uart_ex.o
    0x0800228c   0x0800228c   0x00000002   Code   RO         1627    i.HAL_UART_ErrorCallback  stm32f3xx_hal_uart.o
    0x0800228e   0x0800228e   0x00000002   PAD
    0x08002290   0x08002290   0x0000018c   Code   RO         1630    i.HAL_UART_IRQHandler  stm32f3xx_hal_uart.o
    0x0800241c   0x0800241c   0x00000078   Code   RO         1631    i.HAL_UART_Init     stm32f3xx_hal_uart.o
    0x08002494   0x08002494   0x0000012c   Code   RO          369    i.HAL_UART_MspInit  usart.o
    0x080025c0   0x080025c0   0x00000002   Code   RO         1637    i.HAL_UART_RxCpltCallback  stm32f3xx_hal_uart.o
    0x080025c2   0x080025c2   0x00000002   Code   RO         1642    i.HAL_UART_TxCpltCallback  stm32f3xx_hal_uart.o
    0x080025c4   0x080025c4   0x00000004   Code   RO          424    i.HardFault_Handler  stm32f3xx_it.o
    0x080025c8   0x080025c8   0x00000064   Code   RO          208    i.MX_DAC1_Init      dac.o
    0x0800262c   0x0800262c   0x00000050   Code   RO          209    i.MX_DAC2_Init      dac.o
    0x0800267c   0x0800267c   0x00000060   Code   RO          254    i.MX_DMA_Init       dma.o
    0x080026dc   0x080026dc   0x00000154   Code   RO          182    i.MX_GPIO_Init      gpio.o
    0x08002830   0x08002830   0x000000b4   Code   RO           13    i.MX_NVIC_Init      main.o
    0x080028e4   0x080028e4   0x000000d4   Code   RO          280    i.MX_SDADC1_Init    sdadc.o
    0x080029b8   0x080029b8   0x000000b8   Code   RO          281    i.MX_SDADC3_Init    sdadc.o
    0x08002a70   0x08002a70   0x00000060   Code   RO          328    i.MX_SPI2_Init      spi.o
    0x08002ad0   0x08002ad0   0x00000058   Code   RO          370    i.MX_USART1_UART_Init  usart.o
    0x08002b28   0x08002b28   0x00000058   Code   RO          371    i.MX_USART3_UART_Init  usart.o
    0x08002b80   0x08002b80   0x00000004   Code   RO          425    i.MemManage_Handler  stm32f3xx_it.o
    0x08002b84   0x08002b84   0x00000002   Code   RO          426    i.NMI_Handler       stm32f3xx_it.o
    0x08002b86   0x08002b86   0x00000002   PAD
    0x08002b88   0x08002b88   0x00000010   Code   RO         2520    i.NVIC_GetPriorityGrouping  stm32f3xx_hal_cortex.o
    0x08002b98   0x08002b98   0x00000028   Code   RO         2521    i.NVIC_SetPriority  stm32f3xx_hal_cortex.o
    0x08002bc0   0x08002bc0   0x00000002   Code   RO          427    i.PendSV_Handler    stm32f3xx_it.o
    0x08002bc2   0x08002bc2   0x00000002   PAD
    0x08002bc4   0x08002bc4   0x00000010   Code   RO          428    i.SDADC1_IRQHandler  stm32f3xx_it.o
    0x08002bd4   0x08002bd4   0x00000010   Code   RO          429    i.SDADC3_IRQHandler  stm32f3xx_it.o
    0x08002be4   0x08002be4   0x00000038   Code   RO          905    i.SDADC_EnterInitMode  stm32f3xx_hal_sdadc.o
    0x08002c1c   0x08002c1c   0x0000000e   Code   RO          906    i.SDADC_ExitInitMode  stm32f3xx_hal_sdadc.o
    0x08002c2a   0x08002c2a   0x0000001e   Code   RO          907    i.SDADC_GetInjChannelsNbr  stm32f3xx_hal_sdadc.o
    0x08002c48   0x08002c48   0x00000010   Code   RO          430    i.SPI2_IRQHandler   stm32f3xx_it.o
    0x08002c58   0x08002c58   0x00000016   Code   RO         1256    i.SPI_DMAAbortOnError  stm32f3xx_hal_spi.o
    0x08002c6e   0x08002c6e   0x00000002   Code   RO          431    i.SVC_Handler       stm32f3xx_it.o
    0x08002c70   0x08002c70   0x0000000c   Code   RO          432    i.SysTick_Handler   stm32f3xx_it.o
    0x08002c7c   0x08002c7c   0x000000c8   Code   RO           14    i.SystemClock_Config  main.o
    0x08002d44   0x08002d44   0x0000007c   Code   RO         3484    i.SystemInit        system_stm32f3xx.o
    0x08002dc0   0x08002dc0   0x00000010   Code   RO          433    i.TIM18_DAC2_IRQHandler  stm32f3xx_it.o
    0x08002dd0   0x08002dd0   0x00000010   Code   RO          434    i.TIM6_DAC1_IRQHandler  stm32f3xx_it.o
    0x08002de0   0x08002de0   0x000000f8   Code   RO         1644    i.UART_AdvFeatureConfig  stm32f3xx_hal_uart.o
    0x08002ed8   0x08002ed8   0x00000074   Code   RO         1645    i.UART_CheckIdleState  stm32f3xx_hal_uart.o
    0x08002f4c   0x08002f4c   0x00000018   Code   RO         1646    i.UART_DMAAbortOnError  stm32f3xx_hal_uart.o
    0x08002f64   0x08002f64   0x00000020   Code   RO         1656    i.UART_EndRxTransfer  stm32f3xx_hal_uart.o
    0x08002f84   0x08002f84   0x00000020   Code   RO         1657    i.UART_EndTransmit_IT  stm32f3xx_hal_uart.o
    0x08002fa4   0x08002fa4   0x0000008a   Code   RO         1659    i.UART_Receive_IT   stm32f3xx_hal_uart.o
    0x0800302e   0x0800302e   0x00000002   PAD
    0x08003030   0x08003030   0x0000026c   Code   RO         1660    i.UART_SetConfig    stm32f3xx_hal_uart.o
    0x0800329c   0x0800329c   0x0000006a   Code   RO         1661    i.UART_Transmit_IT  stm32f3xx_hal_uart.o
    0x08003306   0x08003306   0x0000006c   Code   RO         1662    i.UART_WaitOnFlagUntilTimeout  stm32f3xx_hal_uart.o
    0x08003372   0x08003372   0x00000002   PAD
    0x08003374   0x08003374   0x00000010   Code   RO          435    i.USART1_IRQHandler  stm32f3xx_it.o
    0x08003384   0x08003384   0x00000010   Code   RO          436    i.USART3_IRQHandler  stm32f3xx_it.o
    0x08003394   0x08003394   0x00000004   Code   RO          437    i.UsageFault_Handler  stm32f3xx_it.o
    0x08003398   0x08003398   0x00000004   Code   RO           15    i._Error_Handler    main.o
    0x0800339c   0x0800339c   0x0000000e   Code   RO         3540    i.__scatterload_copy  mc_w.l(handlers.o)
    0x080033aa   0x080033aa   0x00000002   Code   RO         3541    i.__scatterload_null  mc_w.l(handlers.o)
    0x080033ac   0x080033ac   0x0000000e   Code   RO         3542    i.__scatterload_zeroinit  mc_w.l(handlers.o)
    0x080033ba   0x080033ba   0x00000034   Code   RO           16    i.main              main.o
    0x080033ee   0x080033ee   0x00000020   Data   RO         2204    .constdata          stm32f3xx_hal_rcc.o
    0x0800340e   0x0800340e   0x00000018   Data   RO         3485    .constdata          system_stm32f3xx.o
    0x08003426   0x08003426   0x00000002   PAD
    0x08003428   0x08003428   0x00000020   Data   RO         3538    Region$$Table       anon$$obj.o


    Execution Region RW_IRAM1 (Exec base: 0x20000000, Load base: 0x08003448, Size: 0x000007a0, Max: 0x00008000, ABSOLUTE)

    Exec Addr    Load Addr    Size         Type   Attr      Idx    E Section Name        Object

    0x20000000   0x08003448   0x00000009   Data   RW         2044    .data               stm32f3xx_hal.o
    0x20000009   0x08003451   0x00000003   PAD
    0x2000000c   0x08003454   0x00000004   Data   RW         3486    .data               system_stm32f3xx.o
    0x20000010        -       0x00000028   Zero   RW          210    .bss                dac.o
    0x20000038        -       0x00000110   Zero   RW          282    .bss                sdadc.o
    0x20000148        -       0x000000ec   Zero   RW          329    .bss                spi.o
    0x20000234        -       0x00000168   Zero   RW          372    .bss                usart.o
    0x2000039c   0x08003458   0x00000004   PAD
    0x200003a0        -       0x00000400   Zero   RW            1    STACK               startup_stm32f373xc.o


==============================================================================

Image component sizes


      Code (inc. data)   RO Data    RW Data    ZI Data      Debug   Object Name

       320         68          0          0         40       2242   dac.o
        96          6          0          0          0        802   dma.o
       340         14          0          0          0       1107   gpio.o
       436         22          0          0          0     512053   main.o
       744        130          0          0        272       2656   sdadc.o
       324         70          0          0        236       1819   spi.o
        36          8        392          0       1024        836   startup_stm32f373xc.o
       192         36          0          9          0       3961   stm32f3xx_hal.o
       348         22          0          0          0      32609   stm32f3xx_hal_cortex.o
        42          0          0          0          0       1628   stm32f3xx_hal_dac.o
       230          0          0          0          0       2544   stm32f3xx_hal_dac_ex.o
       476          8          0          0          0       3163   stm32f3xx_hal_dma.o
       470         28          0          0          0       2256   stm32f3xx_hal_gpio.o
       144          4          0          0          0        910   stm32f3xx_hal_msp.o
        52         10          0          0          0       1136   stm32f3xx_hal_pwr_ex.o
      3548         90         32          0          0       6352   stm32f3xx_hal_rcc.o
       636         14          0          0          0       1544   stm32f3xx_hal_rcc_ex.o
      1026         14          0          0          0      10416   stm32f3xx_hal_sdadc.o
       544          6          0          0          0       3428   stm32f3xx_hal_spi.o
      1946         30          0          0          0      10635   stm32f3xx_hal_uart.o
         2          0          0          0          0        956   stm32f3xx_hal_uart_ex.o
       244         78          0          0          0      10761   stm32f3xx_it.o
       124         20         24          4          0       1183   system_stm32f3xx.o
       476        104          0          0        360       2469   usart.o

    ----------------------------------------------------------------------
     12816        782        482         16       1936     617466   Object Totals
         0          0         32          0          0          0   (incl. Generated)
        20          0          2          3          4          0   (incl. Padding)

    ----------------------------------------------------------------------

      Code (inc. data)   RO Data    RW Data    ZI Data      Debug   Library Member Name

         0          0          0          0          0          0   entry.o
         0          0          0          0          0          0   entry10a.o
         0          0          0          0          0          0   entry11a.o
         8          4          0          0          0          0   entry2.o
         4          0          0          0          0          0   entry5.o
         0          0          0          0          0          0   entry7b.o
         0          0          0          0          0          0   entry8b.o
         8          4          0          0          0          0   entry9a.o
        30          0          0          0          0          0   handlers.o
        36          8          0          0          0         68   init.o

    ----------------------------------------------------------------------
        86         16          0          0          0         68   Library Totals
         0          0          0          0          0          0   (incl. Padding)

    ----------------------------------------------------------------------

      Code (inc. data)   RO Data    RW Data    ZI Data      Debug   Library Name

        86         16          0          0          0         68   mc_w.l

    ----------------------------------------------------------------------
        86         16          0          0          0         68   Library Totals

    ----------------------------------------------------------------------

==============================================================================


      Code (inc. data)   RO Data    RW Data    ZI Data      Debug   

     12902        798        482         16       1936     607638   Grand Totals
     12902        798        482         16       1936     607638   ELF Image Totals
     12902        798        482         16          0          0   ROM Totals

==============================================================================

    Total RO  Size (Code + RO Data)                13384 (  13.07kB)
    Total RW  Size (RW Data + ZI Data)              1952 (   1.91kB)
    Total ROM Size (Code + RO Data + RW Data)      13400 (  13.09kB)

==============================================================================

